[INFO][AppLauncher]: Using device: cuda:0
[INFO][AppLauncher]: Loading experience file: /home/xiexuhui/IsaacLab-Instinct/apps/isaaclab.python.headless.kit
Loading user config located at: '/home/xiexuhui/miniconda3/envs/instinctlab/lib/python3.11/site-packages/isaacsim/kit/data/Kit/Isaac-Sim/5.1/user.config.json'
[Info] [carb] Logging to file: /home/xiexuhui/miniconda3/envs/instinctlab/lib/python3.11/site-packages/isaacsim/kit/logs/Kit/Isaac-Sim/5.1/kit_20260923_123520.log
2026-09-23T04:35:20Z [90ms] [Warning] [omni.usd_config.extension] Enable omni.materialx.libs extension to use MaterialX
2026-09-23T04:35:21Z [544ms] [Warning] [carb] Acquiring non optional plugin interface which is not listed as dependency: [omni::physx::IPhysxBenchmarks v1.0] (plugin: <default plugin>), by client: omni.physics.physx.plugin. Add it to CARB_PLUGIN_IMPL_DEPS() macro of a client.
2026-09-23T04:35:21Z [552ms] [Warning] [omni.isaac.dynamic_control] omni.isaac.dynamic_control is deprecated as of Isaac Sim 4.5. No action is needed from end-users.
2026-09-23T04:35:24Z [3,507ms] [Warning] [gpu.foundation.plugin] Skipping unsupported non-NVIDIA GPU: Intel(R) Graphics (ARL)
2026-09-23T04:35:24Z [3,508ms] [Warning] [gpu.foundation.plugin] Skipping unsupported non-NVIDIA GPU: Intel(R) Graphics (ARL)

|---------------------------------------------------------------------------------------------|
| Driver Version: 580.173.02    | Graphics API: Vulkan
|=============================================================================================|
| GPU | Name                             | Active | LDA | GPU Memory | Vendor-ID | LUID       |
|     |                                  |        |     |            | Device-ID | UUID       |
|     |                                  |        |     |            | Bus-ID    |            |
|---------------------------------------------------------------------------------------------|
| 0   | NVIDIA GeForce RTX 5070 Laptop.. | Yes: 0 |     | 8151    MB | 10de      | 0          |
|     |                                  |        |     |            | 2d58      | e21cdd6c.. |
|     |                                  |        |     |            | 2         |            |
|---------------------------------------------------------------------------------------------|
| 1   | Intel(R) Graphics (ARL)          |        |     | 23633   MB | 8086      | 0          |
|     |                                  |        |     |            | 7d67      | 8680677d.. |
|     |                                  |        |     |            | 0         |            |
|=============================================================================================|
| OS: 24.04.3 LTS (Noble Numbat) ubuntu, Version: 24.04.3, Kernel: 7.0.0-30-generic
| XServer Vendor: The X.Org Foundation, XServer Version: 12101011 (1.21.1.11)
| Processor: Intel(R) Core(TM) Ultra 9 275HX
| Cores: 24 | Logical Cores: 24
|---------------------------------------------------------------------------------------------|
| Total Memory (MB): 31511 | Free Memory: 19507
| Total Page/Swap (MB): 15624 | Free Page/Swap: 15624
|---------------------------------------------------------------------------------------------|
2026-09-23T04:35:24Z [3,788ms] [Warning] [gpu.foundation.plugin] CPU performance profile is set to powersave. This profile sets the CPU to the lowest frequency reducing performance.
2026-09-23T04:35:24Z [3,798ms] [Warning] [gpu.foundation.plugin] PCIe link width current (8) and maximum (16) for device 0 don't match.
2026-09-23T04:35:24Z [3,798ms] [Warning] [gpu.foundation.plugin] IOMMU is enabled.
2026-09-23T04:35:24Z [3,798ms] [Warning] [gpu.foundation.plugin] Detected IOMMU is enabled. Running CUDA peer-to-peer bandwidth and latency validation.
Unidirectional P2P=Enabled Bandwidth (P2P Writes) Matrix (GB/s)
   D\D     0 
     0 242.40 
P2P=Enabled Latency (P2P Writes) Matrix (us)
   GPU     0 
     0   2.07 

   CPU     0 
     0   2.49 
2026-09-23T04:35:24Z [3,847ms] [Warning] [omni.kvdb.plugin] Disabling key-value database because another kit process is locking it
Failed to import RslRlVecEnvWrapper, ignoring...
[INFO]: Parsing configuration from: <class 'instinctlab.tasks.locomotion.config.g1.research_env_cfg.G1ResearchEnvCfg'>

[36m======================================================================================[0m
[36m[1m[INFO][IsaacLab]: Logging to file: /tmp/isaaclab/logs/isaaclab_2026-09-23_12-35-26.log[0m
[36m======================================================================================[0m

[33m12:35:26 [simulation_context.py] WARNING: The `enable_external_forces_every_iteration` parameter in the PhysxCfg is set to False. If you are experiencing noisy velocities, consider enabling this flag. You may need to slightly increase the number of velocity iterations (setting it to 1 or 2 rather than 0), together with this flag, to improve the accuracy of velocity updates.[0m
[INFO]: Base environment:
	Environment device    : cuda:0
	Environment seed      : 12345
	Physics step-size     : 0.005
	Rendering step-size   : 0.02
	Environment step-size : 0.02
2026-09-23T04:35:27Z [6,706ms] [Warning] [gpu.foundation.plugin] Skipping unsupported non-NVIDIA GPU: Intel(R) Graphics (ARL)
2026-09-23T04:35:27Z [6,706ms] [Warning] [gpu.foundation.plugin] Skipping unsupported non-NVIDIA GPU: Intel(R) Graphics (ARL)

|---------------------------------------------------------------------------------------------|
| Driver Version: 580.173.02    | Graphics API: Vulkan
|=============================================================================================|
| GPU | Name                             | Active | LDA | GPU Memory | Vendor-ID | LUID       |
|     |                                  |        |     |            | Device-ID | UUID       |
|     |                                  |        |     |            | Bus-ID    |            |
|---------------------------------------------------------------------------------------------|
| 0   | NVIDIA GeForce RTX 5070 Laptop.. | Yes: 0 |     | 8151    MB | 10de      | 0          |
|     |                                  |        |     |            | 2d58      | e21cdd6c.. |
|     |                                  |        |     |            | 2         |            |
|---------------------------------------------------------------------------------------------|
| 1   | Intel(R) Graphics (ARL)          |        |     | 23633   MB | 8086      | 0          |
|     |                                  |        |     |            | 7d67      | 8680677d.. |
|     |                                  |        |     |            | 0         |            |
|=============================================================================================|
| OS: 24.04.3 LTS (Noble Numbat) ubuntu, Version: 24.04.3, Kernel: 7.0.0-30-generic
| XServer Vendor: The X.Org Foundation, XServer Version: 12101011 (1.21.1.11)
| Processor: Intel(R) Core(TM) Ultra 9 275HX
| Cores: 24 | Logical Cores: 24
|---------------------------------------------------------------------------------------------|
| Total Memory (MB): 31511 | Free Memory: 19056
| Total Page/Swap (MB): 15624 | Free Page/Swap: 15624
|---------------------------------------------------------------------------------------------|
2026-09-23T04:35:27Z [7,060ms] [Warning] [gpu.foundation.plugin] CPU performance profile is set to powersave. This profile sets the CPU to the lowest frequency reducing performance.
2026-09-23T04:35:27Z [7,061ms] [Warning] [gpu.foundation.plugin] PCIe link width current (8) and maximum (16) for device 0 don't match.
Unidirectional P2P=Enabled Bandwidth (P2P Writes) Matrix (GB/s)
   D\D     0 
     0 241.03 
P2P=Enabled Latency (P2P Writes) Matrix (us)
   GPU     0 
     0   2.09 

   CPU     0 
     0   2.72 
2026-09-23T04:35:27Z [7,073ms] [Warning] [gpu.foundation.plugin] IOMMU is enabled.
2026-09-23T04:35:27Z [7,073ms] [Warning] [gpu.foundation.plugin] Detected IOMMU is enabled. Running CUDA peer-to-peer bandwidth and latency validation.
Unidirectional P2P=Enabled Bandwidth (P2P Writes) Matrix (GB/s)
   D\D     0 
     0 240.61 
P2P=Enabled Latency (P2P Writes) Matrix (us)
   GPU     0 
     0   2.07 

   CPU     0 
     0   2.47 
2026-09-23T04:35:28Z [7,667ms] [Warning] [omni.graph.visualization.nodes._impl.extension] No Viewport Window to add omni.graph.visualization.nodes-2.1.3 scene to
2026-09-23T04:35:28Z [7,718ms] [Warning] [isaacsim.asset.importer.urdf] DEPRECATION WARNING: Merging bodies with inertia is deprecated. This will be removed in a future release.
2026-09-23T04:35:28Z [7,718ms] [Warning] [isaacsim.asset.importer.urdf] link head_link has body properties (mass, inertia, or collisions) and is being merged into torso_link
2026-09-23T04:35:28Z [7,718ms] [Warning] [isaacsim.asset.importer.urdf] DEPRECATION WARNING: Merging bodies with inertia is deprecated. This will be removed in a future release.
2026-09-23T04:35:28Z [7,718ms] [Warning] [isaacsim.asset.importer.urdf] link imu_in_torso has body properties (mass, inertia, or collisions) and is being merged into torso_link
2026-09-23T04:35:28Z [7,718ms] [Warning] [isaacsim.asset.importer.urdf] DEPRECATION WARNING: Merging bodies with inertia is deprecated. This will be removed in a future release.
2026-09-23T04:35:28Z [7,718ms] [Warning] [isaacsim.asset.importer.urdf] link left_rubber_hand has body properties (mass, inertia, or collisions) and is being merged into left_wrist_yaw_link
2026-09-23T04:35:28Z [7,718ms] [Warning] [isaacsim.asset.importer.urdf] DEPRECATION WARNING: Merging bodies with inertia is deprecated. This will be removed in a future release.
2026-09-23T04:35:28Z [7,718ms] [Warning] [isaacsim.asset.importer.urdf] link logo_link has body properties (mass, inertia, or collisions) and is being merged into torso_link
2026-09-23T04:35:28Z [7,718ms] [Warning] [isaacsim.asset.importer.urdf] DEPRECATION WARNING: Merging bodies with inertia is deprecated. This will be removed in a future release.
2026-09-23T04:35:28Z [7,718ms] [Warning] [isaacsim.asset.importer.urdf] link mid360_link has body properties (mass, inertia, or collisions) and is being merged into torso_link
2026-09-23T04:35:28Z [7,718ms] [Warning] [isaacsim.asset.importer.urdf] DEPRECATION WARNING: Merging bodies with inertia is deprecated. This will be removed in a future release.
2026-09-23T04:35:28Z [7,718ms] [Warning] [isaacsim.asset.importer.urdf] link right_rubber_hand has body properties (mass, inertia, or collisions) and is being merged into right_wrist_yaw_link
2026-09-23T04:35:28Z [7,718ms] [Warning] [isaacsim.asset.importer.urdf] DEPRECATION WARNING: Merging bodies with inertia is deprecated. This will be removed in a future release.
2026-09-23T04:35:28Z [7,718ms] [Warning] [isaacsim.asset.importer.urdf] link imu_in_pelvis has body properties (mass, inertia, or collisions) and is being merged into pelvis
2026-09-23T04:35:28Z [7,718ms] [Warning] [isaacsim.asset.importer.urdf] DEPRECATION WARNING: Merging bodies with inertia is deprecated. This will be removed in a future release.
2026-09-23T04:35:28Z [7,718ms] [Warning] [isaacsim.asset.importer.urdf] link LL_FOOT has body properties (mass, inertia, or collisions) and is being merged into left_ankle_roll_link
2026-09-23T04:35:28Z [7,718ms] [Warning] [isaacsim.asset.importer.urdf] DEPRECATION WARNING: Merging bodies with inertia is deprecated. This will be removed in a future release.
2026-09-23T04:35:28Z [7,718ms] [Warning] [isaacsim.asset.importer.urdf] link pelvis_contour_link has body properties (mass, inertia, or collisions) and is being merged into pelvis
2026-09-23T04:35:28Z [7,718ms] [Warning] [isaacsim.asset.importer.urdf] DEPRECATION WARNING: Merging bodies with inertia is deprecated. This will be removed in a future release.
2026-09-23T04:35:28Z [7,718ms] [Warning] [isaacsim.asset.importer.urdf] link LR_FOOT has body properties (mass, inertia, or collisions) and is being merged into right_ankle_roll_link
[INFO]: Time taken for scene creation : 2.979736 seconds
[INFO]: Scene manager:  <class InteractiveScene>
	Number of environments: 8
	Environment spacing   : 2.5
	Source prim name      : /World/envs/env_0
	Global prim paths     : ['/World/ground']
	Replicate physics     : True
[INFO]: Starting the simulation. This may take a few seconds. Please wait...
[INFO]: Time taken for simulation start : 0.661339 seconds
[INFO] Command Manager:  <CommandManager> contains 1 active terms.
+------------------------------------------------+
|              Active Command Terms              |
+-------+---------------+------------------------+
| Index | Name          |          Type          |
+-------+---------------+------------------------+
|   0   | base_velocity | UniformVelocityCommand |
+-------+---------------+------------------------+

[INFO] Event Manager:  <EventManager> contains 3 active terms.
+--------------------------------------+
| Active Event Terms in Mode: 'startup' |
+----------+---------------------------+
|  Index   | Name                      |
+----------+---------------------------+
|    0     | physics_material          |
|    1     | add_base_mass             |
+----------+---------------------------+
+---------------------------------------+
|  Active Event Terms in Mode: 'reset'  |
+--------+------------------------------+
| Index  | Name                         |
+--------+------------------------------+
|   0    | base_external_force_torque   |
|   1    | reset_base                   |
|   2    | reset_robot_joints           |
+--------+------------------------------+
+----------------------------------------------+
|    Active Event Terms in Mode: 'interval'    |
+-------+------------+-------------------------+
| Index | Name       | Interval time range (s) |
+-------+------------+-------------------------+
|   0   | push_robot |       (10.0, 15.0)      |
+-------+------------+-------------------------+

[INFO] Recorder Manager:  <RecorderManager> contains 0 active terms.
+---------------------+
| Active Recorder Terms |
+-----------+---------+
|   Index   | Name    |
+-----------+---------+
+-----------+---------+

[INFO] Action Manager:  <ActionManager> contains 1 active terms.
+------------------------------------+
|  Active Action Terms (shape: 29)   |
+--------+-------------+-------------+
| Index  | Name        |   Dimension |
+--------+-------------+-------------+
|   0    | joint_pos   |          29 |
+--------+-------------+-------------+

[INFO] Observation Manager: <ObservationManager> contains 2 groups.
+---------------------------------------------+
| Active Observation Terms in Group: 'policy' |
+---------+-------------------------+---------+
|  Index  | Name                    |  Shape  |
+---------+-------------------------+---------+
|    0    | base_ang_vel            |   (3,)  |
|    1    | projected_gravity       |   (3,)  |
|    2    | velocity_commands       |   (3,)  |
|    3    | joint_pos               |  (29,)  |
|    4    | joint_vel               |  (29,)  |
|    5    | actions                 |  (29,)  |
+---------+-------------------------+---------+
+---------------------------------------------+
| Active Observation Terms in Group: 'critic' |
+---------+-------------------------+---------+
|  Index  | Name                    |  Shape  |
+---------+-------------------------+---------+
|    0    | base_lin_vel            |   (3,)  |
|    1    | base_ang_vel            |   (3,)  |
|    2    | projected_gravity       |   (3,)  |
|    3    | velocity_commands       |   (3,)  |
|    4    | joint_pos               |  (29,)  |
|    5    | joint_vel               |  (29,)  |
|    6    | actions                 |  (29,)  |
+---------+-------------------------+---------+

[INFO] Termination Manager:  <TerminationManager> contains 2 active terms.
+---------------------------------+
|     Active Termination Terms    |
+-------+--------------+----------+
| Index | Name         | Time Out |
+-------+--------------+----------+
|   0   | time_out     |   True   |
|   1   | primary_fall |  False   |
+-------+--------------+----------+

[INFO] Reward Manager:  <RewardManager> contains 16 active terms.
+----------------------------------------+
|          Active Reward Terms           |
+-------+-----------------------+--------+
| Index | Name                  | Weight |
+-------+-----------------------+--------+
|   0   | termination_penalty   | -200.0 |
|   1   | track_lin_vel_xy_exp  |    1.0 |
|   2   | track_ang_vel_z_exp   |    1.0 |
|   3   | feet_air_time         |    1.0 |
|   4   | feet_slide            |   -0.1 |
|   5   | flat_orientation_l2   |   -1.0 |
|   6   | stand_still           |   -0.8 |
|   7   | dof_pos_limits        |   -1.0 |
|   8   | joint_deviation_hip   |   -0.1 |
|   9   | joint_deviation_arms  |   -0.1 |
|   10  | joint_deviation_torso |   -0.1 |
|   11  | joint_deviation_knee  |  -0.05 |
|   12  | lin_vel_z_l2          |   -0.1 |
|   13  | action_rate_l2        |  -0.05 |
|   14  | dof_acc_l2            | -2e-07 |
|   15  | dof_torques_l2        | -4e-06 |
+-------+-----------------------+--------+

[INFO] Curriculum Manager:  <CurriculumManager> contains 0 active terms.
+----------------------+
| Active Curriculum Terms |
+-----------+----------+
|   Index   | Name     |
+-----------+----------+
+-----------+----------+

[INFO] Monitor Manager:  <MonitorManager> contains 0 active groups.
+------------------------+
|  Active Monitor Terms  |
+--------+-------+-------+
| Index  |  Name |  Func |
+--------+-------+-------+
+--------+-------+-------+

[INFO]: Completed setting up the environment...
2026-09-23T04:35:30Z [10,020ms] [Warning] [omni.physx.fabric.plugin] FabricManager::initializePointInstancer mismatched prototypes on point instancer: /Visuals/Command/velocity_goal.
2026-09-23T04:35:30Z [10,020ms] [Warning] [omni.physx.fabric.plugin] FabricManager::initializePointInstancer mismatched prototypes on point instancer: /Visuals/Command/velocity_current.
[INFO]: Parsing configuration from: <class 'instinctlab.tasks.locomotion.config.g1.flat_env_cfg.G1FlatEnvCfg'>
2026-09-23T04:35:30Z [10,058ms] [Warning] [omni.physx.tensors.plugin] GPU contact filter for collider '/World/ground/terrain' is not supported
2026-09-23T04:35:30Z [10,058ms] [Warning] [omni.physx.tensors.plugin] GPU contact filter for collider '/World/ground/terrain' is not supported
2026-09-23T04:35:30Z [10,058ms] [Warning] [omni.physx.tensors.plugin] GPU contact filter for collider '/World/ground/terrain' is not supported
2026-09-23T04:35:30Z [10,058ms] [Warning] [omni.physx.tensors.plugin] GPU contact filter for collider '/World/ground/terrain' is not supported
2026-09-23T04:35:30Z [10,059ms] [Warning] [omni.physx.tensors.plugin] GPU contact filter for collider '/World/ground/terrain' is not supported
2026-09-23T04:35:30Z [10,059ms] [Warning] [omni.physx.tensors.plugin] GPU contact filter for collider '/World/ground/terrain' is not supported
2026-09-23T04:35:30Z [10,059ms] [Warning] [omni.physx.tensors.plugin] GPU contact filter for collider '/World/ground/terrain' is not supported
2026-09-23T04:35:30Z [10,059ms] [Warning] [omni.physx.tensors.plugin] GPU contact filter for collider '/World/ground/terrain' is not supported
2026-09-23T04:35:30Z [10,059ms] [Warning] [omni.physx.tensors.plugin] GPU contact filter for collider '/World/ground/terrain' is not supported
2026-09-23T04:35:30Z [10,059ms] [Warning] [omni.physx.tensors.plugin] GPU contact filter for collider '/World/ground/terrain' is not supported
2026-09-23T04:35:30Z [10,059ms] [Warning] [omni.physx.tensors.plugin] GPU contact filter for collider '/World/ground/terrain' is not supported
2026-09-23T04:35:30Z [10,060ms] [Warning] [omni.physx.tensors.plugin] GPU contact filter for collider '/World/ground/terrain' is not supported
2026-09-23T04:35:30Z [10,060ms] [Warning] [omni.physx.tensors.plugin] GPU contact filter for collider '/World/ground/terrain' is not supported
2026-09-23T04:35:30Z [10,060ms] [Warning] [omni.physx.tensors.plugin] GPU contact filter for collider '/World/ground/terrain' is not supported
2026-09-23T04:35:30Z [10,060ms] [Warning] [omni.physx.tensors.plugin] GPU contact filter for collider '/World/ground/terrain' is not supported
2026-09-23T04:35:30Z [10,060ms] [Warning] [omni.physx.tensors.plugin] GPU contact filter for collider '/World/ground/terrain' is not supported
2026-09-23T04:35:30Z [10,060ms] [Warning] [omni.physx.tensors.plugin] GPU contact filter for collider '/World/ground/terrain' is not supported
2026-09-23T04:35:30Z [10,060ms] [Warning] [omni.physx.tensors.plugin] GPU contact filter for collider '/World/ground/terrain' is not supported
2026-09-23T04:35:30Z [10,061ms] [Warning] [omni.physx.tensors.plugin] GPU contact filter for collider '/World/ground/terrain' is not supported
2026-09-23T04:35:30Z [10,061ms] [Warning] [omni.physx.tensors.plugin] GPU contact filter for collider '/World/ground/terrain' is not supported
2026-09-23T04:35:30Z [10,061ms] [Warning] [omni.physx.tensors.plugin] GPU contact filter for collider '/World/ground/terrain' is not supported
2026-09-23T04:35:30Z [10,061ms] [Warning] [omni.physx.tensors.plugin] GPU contact filter for collider '/World/ground/terrain' is not supported
2026-09-23T04:35:30Z [10,061ms] [Warning] [omni.physx.tensors.plugin] GPU contact filter for collider '/World/ground/terrain' is not supported
2026-09-23T04:35:30Z [10,061ms] [Warning] [omni.physx.tensors.plugin] GPU contact filter for collider '/World/ground/terrain' is not supported
2026-09-23T04:35:30Z [10,061ms] [Warning] [omni.physx.tensors.plugin] GPU contact filter for collider '/World/ground/terrain' is not supported
2026-09-23T04:35:30Z [10,062ms] [Warning] [omni.physx.tensors.plugin] GPU contact filter for collider '/World/ground/terrain' is not supported
2026-09-23T04:35:30Z [10,062ms] [Warning] [omni.physx.tensors.plugin] GPU contact filter for collider '/World/ground/terrain' is not supported
2026-09-23T04:35:30Z [10,062ms] [Warning] [omni.physx.tensors.plugin] GPU contact filter for collider '/World/ground/terrain' is not supported
2026-09-23T04:35:30Z [10,062ms] [Warning] [omni.physx.tensors.plugin] GPU contact filter for collider '/World/ground/terrain' is not supported
2026-09-23T04:35:30Z [10,062ms] [Warning] [omni.physx.tensors.plugin] GPU contact filter for collider '/World/ground/terrain' is not supported
2026-09-23T04:35:30Z [10,062ms] [Warning] [omni.physx.tensors.plugin] GPU contact filter for collider '/World/ground/terrain' is not supported
2026-09-23T04:35:30Z [10,062ms] [Warning] [omni.physx.tensors.plugin] GPU contact filter for collider '/World/ground/terrain' is not supported
2026-09-23T04:35:30Z [10,063ms] [Warning] [omni.physx.tensors.plugin] GPU contact filter for collider '/World/ground/terrain' is not supported
2026-09-23T04:35:30Z [10,063ms] [Warning] [omni.physx.tensors.plugin] GPU contact filter for collider '/World/ground/terrain' is not supported
2026-09-23T04:35:30Z [10,063ms] [Warning] [omni.physx.tensors.plugin] GPU contact filter for collider '/World/ground/terrain' is not supported
2026-09-23T04:35:30Z [10,063ms] [Warning] [omni.physx.tensors.plugin] GPU contact filter for collider '/World/ground/terrain' is not supported
2026-09-23T04:35:30Z [10,063ms] [Warning] [omni.physx.tensors.plugin] GPU contact filter for collider '/World/ground/terrain' is not supported
2026-09-23T04:35:30Z [10,063ms] [Warning] [omni.physx.tensors.plugin] GPU contact filter for collider '/World/ground/terrain' is not supported
2026-09-23T04:35:30Z [10,063ms] [Warning] [omni.physx.tensors.plugin] GPU contact filter for collider '/World/ground/terrain' is not supported
2026-09-23T04:35:30Z [10,063ms] [Warning] [omni.physx.tensors.plugin] GPU contact filter for collider '/World/ground/terrain' is not supported
2026-09-23T04:35:30Z [10,064ms] [Warning] [omni.physx.tensors.plugin] GPU contact filter for collider '/World/ground/terrain' is not supported
2026-09-23T04:35:30Z [10,064ms] [Warning] [omni.physx.tensors.plugin] GPU contact filter for collider '/World/ground/terrain' is not supported
2026-09-23T04:35:30Z [10,064ms] [Warning] [omni.physx.tensors.plugin] GPU contact filter for collider '/World/ground/terrain' is not supported
2026-09-23T04:35:30Z [10,064ms] [Warning] [omni.physx.tensors.plugin] GPU contact filter for collider '/World/ground/terrain' is not supported
2026-09-23T04:35:30Z [10,064ms] [Warning] [omni.physx.tensors.plugin] GPU contact filter for collider '/World/ground/terrain' is not supported
2026-09-23T04:35:30Z [10,064ms] [Warning] [omni.physx.tensors.plugin] GPU contact filter for collider '/World/ground/terrain' is not supported
2026-09-23T04:35:30Z [10,065ms] [Warning] [omni.physx.tensors.plugin] GPU contact filter for collider '/World/ground/terrain' is not supported
2026-09-23T04:35:30Z [10,065ms] [Warning] [omni.physx.tensors.plugin] GPU contact filter for collider '/World/ground/terrain' is not supported
2026-09-23T04:35:30Z [10,065ms] [Warning] [omni.physx.tensors.plugin] GPU contact filter for collider '/World/ground/terrain' is not supported
2026-09-23T04:35:30Z [10,065ms] [Warning] [omni.physx.tensors.plugin] GPU contact filter for collider '/World/ground/terrain' is not supported
2026-09-23T04:35:30Z [10,065ms] [Warning] [omni.physx.tensors.plugin] GPU contact filter for collider '/World/ground/terrain' is not supported
2026-09-23T04:35:30Z [10,065ms] [Warning] [omni.physx.tensors.plugin] GPU contact filter for collider '/World/ground/terrain' is not supported
2026-09-23T04:35:30Z [10,065ms] [Warning] [omni.physx.tensors.plugin] GPU contact filter for collider '/World/ground/terrain' is not supported
2026-09-23T04:35:30Z [10,065ms] [Warning] [omni.physx.tensors.plugin] GPU contact filter for collider '/World/ground/terrain' is not supported
2026-09-23T04:35:30Z [10,066ms] [Warning] [omni.physx.tensors.plugin] GPU contact filter for collider '/World/ground/terrain' is not supported
2026-09-23T04:35:30Z [10,066ms] [Warning] [omni.physx.tensors.plugin] GPU contact filter for collider '/World/ground/terrain' is not supported
2026-09-23T04:35:30Z [10,066ms] [Warning] [omni.physx.tensors.plugin] GPU contact filter for collider '/World/ground/terrain' is not supported
2026-09-23T04:35:30Z [10,066ms] [Warning] [omni.physx.tensors.plugin] GPU contact filter for collider '/World/ground/terrain' is not supported
2026-09-23T04:35:30Z [10,066ms] [Warning] [omni.physx.tensors.plugin] GPU contact filter for collider '/World/ground/terrain' is not supported
2026-09-23T04:35:30Z [10,067ms] [Warning] [omni.physx.tensors.plugin] GPU contact filter for collider '/World/ground/terrain' is not supported
2026-09-23T04:35:30Z [10,067ms] [Warning] [omni.physx.tensors.plugin] GPU contact filter for collider '/World/ground/terrain' is not supported
2026-09-23T04:35:30Z [10,067ms] [Warning] [omni.physx.tensors.plugin] GPU contact filter for collider '/World/ground/terrain' is not supported
2026-09-23T04:35:30Z [10,067ms] [Warning] [omni.physx.tensors.plugin] GPU contact filter for collider '/World/ground/terrain' is not supported
2026-09-23T04:35:30Z [10,067ms] [Warning] [omni.physx.tensors.plugin] GPU contact filter for collider '/World/ground/terrain' is not supported
2026-09-23T04:35:30Z [10,067ms] [Warning] [omni.physx.tensors.plugin] GPU contact filter for collider '/World/ground/terrain' is not supported
2026-09-23T04:35:30Z [10,068ms] [Warning] [omni.physx.tensors.plugin] GPU contact filter for collider '/World/ground/terrain' is not supported
2026-09-23T04:35:30Z [10,068ms] [Warning] [omni.physx.tensors.plugin] GPU contact filter for collider '/World/ground/terrain' is not supported
2026-09-23T04:35:30Z [10,068ms] [Warning] [omni.physx.tensors.plugin] GPU contact filter for collider '/World/ground/terrain' is not supported
2026-09-23T04:35:30Z [10,068ms] [Warning] [omni.physx.tensors.plugin] GPU contact filter for collider '/World/ground/terrain' is not supported
2026-09-23T04:35:30Z [10,068ms] [Warning] [omni.physx.tensors.plugin] GPU contact filter for collider '/World/ground/terrain' is not supported
2026-09-23T04:35:30Z [10,068ms] [Warning] [omni.physx.tensors.plugin] GPU contact filter for collider '/World/ground/terrain' is not supported
2026-09-23T04:35:30Z [10,068ms] [Warning] [omni.physx.tensors.plugin] GPU contact filter for collider '/World/ground/terrain' is not supported
2026-09-23T04:35:30Z [10,069ms] [Warning] [omni.physx.tensors.plugin] GPU contact filter for collider '/World/ground/terrain' is not supported
2026-09-23T04:35:30Z [10,069ms] [Warning] [omni.physx.tensors.plugin] GPU contact filter for collider '/World/ground/terrain' is not supported
2026-09-23T04:35:30Z [10,069ms] [Warning] [omni.physx.tensors.plugin] GPU contact filter for collider '/World/ground/terrain' is not supported
2026-09-23T04:35:30Z [10,069ms] [Warning] [omni.physx.tensors.plugin] GPU contact filter for collider '/World/ground/terrain' is not supported
2026-09-23T04:35:30Z [10,069ms] [Warning] [omni.physx.tensors.plugin] GPU contact filter for collider '/World/ground/terrain' is not supported
2026-09-23T04:35:30Z [10,069ms] [Warning] [omni.physx.tensors.plugin] GPU contact filter for collider '/World/ground/terrain' is not supported
2026-09-23T04:35:30Z [10,069ms] [Warning] [omni.physx.tensors.plugin] GPU contact filter for collider '/World/ground/terrain' is not supported
2026-09-23T04:35:30Z [10,070ms] [Warning] [omni.physx.tensors.plugin] GPU contact filter for collider '/World/ground/terrain' is not supported
2026-09-23T04:35:30Z [10,070ms] [Warning] [omni.physx.tensors.plugin] GPU contact filter for collider '/World/ground/terrain' is not supported
2026-09-23T04:35:30Z [10,070ms] [Warning] [omni.physx.tensors.plugin] GPU contact filter for collider '/World/ground/terrain' is not supported
2026-09-23T04:35:30Z [10,070ms] [Warning] [omni.physx.tensors.plugin] GPU contact filter for collider '/World/ground/terrain' is not supported
2026-09-23T04:35:30Z [10,070ms] [Warning] [omni.physx.tensors.plugin] GPU contact filter for collider '/World/ground/terrain' is not supported
2026-09-23T04:35:30Z [10,070ms] [Warning] [omni.physx.tensors.plugin] GPU contact filter for collider '/World/ground/terrain' is not supported
2026-09-23T04:35:30Z [10,070ms] [Warning] [omni.physx.tensors.plugin] GPU contact filter for collider '/World/ground/terrain' is not supported
2026-09-23T04:35:30Z [10,071ms] [Warning] [omni.physx.tensors.plugin] GPU contact filter for collider '/World/ground/terrain' is not supported
2026-09-23T04:35:30Z [10,071ms] [Warning] [omni.physx.tensors.plugin] GPU contact filter for collider '/World/ground/terrain' is not supported
2026-09-23T04:35:30Z [10,071ms] [Warning] [omni.physx.tensors.plugin] GPU contact filter for collider '/World/ground/terrain' is not supported
2026-09-23T04:35:30Z [10,071ms] [Warning] [omni.physx.tensors.plugin] GPU contact filter for collider '/World/ground/terrain' is not supported
2026-09-23T04:35:30Z [10,071ms] [Warning] [omni.physx.tensors.plugin] GPU contact filter for collider '/World/ground/terrain' is not supported
2026-09-23T04:35:30Z [10,071ms] [Warning] [omni.physx.tensors.plugin] GPU contact filter for collider '/World/ground/terrain' is not supported
2026-09-23T04:35:30Z [10,071ms] [Warning] [omni.physx.tensors.plugin] GPU contact filter for collider '/World/ground/terrain' is not supported
2026-09-23T04:35:30Z [10,072ms] [Warning] [omni.physx.tensors.plugin] GPU contact filter for collider '/World/ground/terrain' is not supported
2026-09-23T04:35:30Z [10,072ms] [Warning] [omni.physx.tensors.plugin] GPU contact filter for collider '/World/ground/terrain' is not supported
2026-09-23T04:35:30Z [10,072ms] [Warning] [omni.physx.tensors.plugin] GPU contact filter for collider '/World/ground/terrain' is not supported
2026-09-23T04:35:30Z [10,072ms] [Warning] [omni.physx.tensors.plugin] GPU contact filter for collider '/World/ground/terrain' is not supported
2026-09-23T04:35:30Z [10,072ms] [Warning] [omni.physx.tensors.plugin] GPU contact filter for collider '/World/ground/terrain' is not supported
2026-09-23T04:35:30Z [10,072ms] [Warning] [omni.physx.tensors.plugin] GPU contact filter for collider '/World/ground/terrain' is not supported
2026-09-23T04:35:30Z [10,073ms] [Warning] [omni.physx.tensors.plugin] GPU contact filter for collider '/World/ground/terrain' is not supported
2026-09-23T04:35:30Z [10,073ms] [Warning] [omni.physx.tensors.plugin] GPU contact filter for collider '/World/ground/terrain' is not supported
2026-09-23T04:35:30Z [10,073ms] [Warning] [omni.physx.tensors.plugin] GPU contact filter for collider '/World/ground/terrain' is not supported
2026-09-23T04:35:30Z [10,073ms] [Warning] [omni.physx.tensors.plugin] GPU contact filter for collider '/World/ground/terrain' is not supported
2026-09-23T04:35:30Z [10,073ms] [Warning] [omni.physx.tensors.plugin] GPU contact filter for collider '/World/ground/terrain' is not supported
2026-09-23T04:35:30Z [10,073ms] [Warning] [omni.physx.tensors.plugin] GPU contact filter for collider '/World/ground/terrain' is not supported
2026-09-23T04:35:30Z [10,073ms] [Warning] [omni.physx.tensors.plugin] GPU contact filter for collider '/World/ground/terrain' is not supported
2026-09-23T04:35:30Z [10,073ms] [Warning] [omni.physx.tensors.plugin] GPU contact filter for collider '/World/ground/terrain' is not supported
2026-09-23T04:35:30Z [10,074ms] [Warning] [omni.physx.tensors.plugin] GPU contact filter for collider '/World/ground/terrain' is not supported
2026-09-23T04:35:30Z [10,074ms] [Warning] [omni.physx.tensors.plugin] GPU contact filter for collider '/World/ground/terrain' is not supported
2026-09-23T04:35:30Z [10,074ms] [Warning] [omni.physx.tensors.plugin] GPU contact filter for collider '/World/ground/terrain' is not supported
2026-09-23T04:35:30Z [10,074ms] [Warning] [omni.physx.tensors.plugin] GPU contact filter for collider '/World/ground/terrain' is not supported
2026-09-23T04:35:30Z [10,074ms] [Warning] [omni.physx.tensors.plugin] GPU contact filter for collider '/World/ground/terrain' is not supported
