[INFO][AppLauncher]: Using device: cuda:0
[INFO][AppLauncher]: Loading experience file: /home/xiexuhui/IsaacLab-Instinct/apps/isaaclab.python.headless.kit
Loading user config located at: '/home/xiexuhui/miniconda3/envs/instinctlab/lib/python3.11/site-packages/isaacsim/kit/data/Kit/Isaac-Sim/5.1/user.config.json'
[Info] [carb] Logging to file: /home/xiexuhui/miniconda3/envs/instinctlab/lib/python3.11/site-packages/isaacsim/kit/logs/Kit/Isaac-Sim/5.1/kit_20260924_183642.log
2026-09-24T10:36:43Z [61ms] [Error] [omni.datastore] Failed to acquire exclusive lock to data store (256>=256)
2026-09-24T10:36:43Z [61ms] [Error] [omni.datastore] Failed to create local file data store at '/home/xiexuhui/miniconda3/envs/instinctlab/lib/python3.11/site-packages/isaacsim/kit/cache/DerivedDataCache'
2026-09-24T10:36:43Z [73ms] [Warning] [omni.usd_config.extension] Enable omni.materialx.libs extension to use MaterialX
2026-09-24T10:36:43Z [303ms] [Warning] [omni.platforminfo.plugin] failed to open the default display.  Can't verify X Server version.
2026-09-24T10:36:43Z [449ms] [Warning] [carb] Acquiring non optional plugin interface which is not listed as dependency: [omni::physx::IPhysxBenchmarks v1.0] (plugin: <default plugin>), by client: omni.physics.physx.plugin. Add it to CARB_PLUGIN_IMPL_DEPS() macro of a client.
2026-09-24T10:36:43Z [456ms] [Warning] [omni.isaac.dynamic_control] omni.isaac.dynamic_control is deprecated as of Isaac Sim 4.5. No action is needed from end-users.
2026-09-24T10:36:43Z [601ms] [Error] [omni.physx.tensors.plugin] CUDA error: no CUDA-capable device is detected: ../../../extensions/runtime/source/omni.physx.tensors/plugins/gpu/CudaCommon.h: 111
2026-09-24T10:36:43Z [601ms] [Error] [omni.physx.tensors.plugin] Failed to create primary CUDA context
Warp CUDA error 100: no CUDA-capable device is detected (in function init_cuda_driver, /builds/omniverse/warp/warp/native/cuda_util.cpp:266)
Warp CUDA error 3: initialization error (in function cuda_device_get_count, /builds/omniverse/warp/warp/native/warp.cu:1769)
2026-09-24T10:36:45Z [2,523ms] [Warning] [matplotlib] /home/xiexuhui/.config/matplotlib is not a writable directory
2026-09-24T10:36:45Z [2,523ms] [Warning] [matplotlib] Matplotlib created a temporary cache directory at /tmp/matplotlib-8qcjh30e because there was an issue with the default path (/home/xiexuhui/.config/matplotlib); it is highly recommended to set the MPLCONFIGDIR environment variable to a writable directory, in particular to speed up the import of Matplotlib and to better support multiprocessing.
2026-09-24T10:36:45Z [2,578ms] [Error] [omni.kit.app.plugin] failed to open file '/home/xiexuhui/miniconda3/envs/instinctlab/lib/python3.11/site-packages/isaacsim/kit/data/Kit/Isaac-Sim/5.1/user.config.json' - unable to save the dictionary
2026-09-24T10:36:45Z [2,605ms] [Error] [omni.gpucompute-cuda.plugin] CUDA error in createContext: no CUDA-capable device is detected: ../../../source/plugins/omni.gpucompute-cuda/GpuCompute-Cuda.cpp: 179 (device -546912496)
2026-09-24T10:36:45Z [2,633ms] [Error] [carb.cudainterop.plugin] Could not initialize NVML: return code 9 (NVML_ERROR_DRIVER_NOT_LOADED: NVIDIA driver is not loaded.)
2026-09-24T10:36:45Z [2,638ms] [Error] [carb.cudainterop.plugin] Could not initialize NVML: return code 9 (NVML_ERROR_DRIVER_NOT_LOADED: NVIDIA driver is not loaded.)

|---------------------------------------------------------------------------------------------|
| Driver Version: 0             | Graphics API: Vulkan
|=============================================================================================|
| GPU | Name                             | Active | LDA | GPU Memory | Vendor-ID | LUID       |
|     |                                  |        |     |            | Device-ID | UUID       |
|     |                                  |        |     |            | Bus-ID    |            |
|=============================================================================================|
| OS: 24.04.3 LTS (Noble Numbat) ubuntu, Version: 24.04.3, Kernel: 7.0.0-30-generic
| Processor: Intel(R) Core(TM) Ultra 9 275HX
| Cores: 24 | Logical Cores: 24
|---------------------------------------------------------------------------------------------|
| Total Memory (MB): 31511 | Free Memory: 23046
| Total Page/Swap (MB): 15624 | Free Page/Swap: 15624
|---------------------------------------------------------------------------------------------|
2026-09-24T10:36:46Z [3,242ms] [Error] [gpu.foundation.plugin] No device could be created. Some known system issues:
- The driver is not installed properly and requires a clean re-install.
- Your GPUs do not support RayTracing: DXR or Vulkan ray_tracing, or hardware is excluded due to performance.
- The driver cannot enumerate any GPU: driver, display, TCC mode or a docker issue. For Vulkan, test it with Vulkaninfo tool from Vulkan SDK, instead of nvidia-smi.
- For Ubuntu, it requires server-xorg-core 1.20.7+ and a display to work without --no-window.
- For Linux dockers, the setup is not complete. Install the latest driver, xServer and NVIDIA container runtime.

2026-09-24T10:36:46Z [3,244ms] [Error] [gpu.foundation.plugin] Invalid getDeviceInfo parameters.
2026-09-24T10:36:46Z [3,244ms] [Warning] [omni.physx.foundation.plugin] PhysXFoundation: Couldn't get driver version, failed to getDeviceInfo
2026-09-24T10:36:46Z [3,244ms] [Warning] [omni.physx.foundation.plugin] PhysXFoundation: Unable to get IGpuFoundation, GpuDevices or Graphics!
2026-09-24T10:36:46Z [3,246ms] [Error] [carb.cudainterop.plugin] CUDA error 100: cudaErrorNoDevice - no CUDA-capable device is detected)
2026-09-24T10:36:46Z [3,246ms] [Error] [carb.cudainterop.plugin] Failed to get the CUDA device.
2026-09-24T10:36:46Z [3,246ms] [Error] [carb.cudainterop.plugin] CUDA error 100: cudaErrorNoDevice - no CUDA-capable device is detected)
2026-09-24T10:36:46Z [3,246ms] [Error] [carb.cudainterop.plugin] Failed to set the CUDA device: 0
2026-09-24T10:36:46Z [3,246ms] [Error] [omni.physx.plugin] No CUDA devices found
2026-09-24T10:36:46Z [3,246ms] [Error] [omni.physx.plugin] Unable to create PxCudaContextManager!
2026-09-24T10:36:46Z [3,246ms] [Warning] [omni.kvdb.plugin] Disabling key-value database because another kit process is locking it
2026-09-24T10:36:46Z [3,261ms] [Error] [omni.kit.app.plugin] failed to open file '/home/xiexuhui/miniconda3/envs/instinctlab/lib/python3.11/site-packages/isaacsim/kit/data/Kit/Isaac-Sim/5.1/user.config.json' - unable to save the dictionary
Failed to import RslRlVecEnvWrapper, ignoring...
[INFO]: Parsing configuration from: <class 'instinctlab.tasks.locomotion.config.g1.forward_research_env_cfg.G1ForwardResearchEnvCfg'>
[INFO]: Parsing configuration from: instinctlab.tasks.locomotion.config.g1.agents.instinct_rl_ppo_cfg:G1FlatPPORunnerCfg
[INFO] Logging experiment in directory: /home/xiexuhui/InstinctLab/logs/e1-d7/first_update_20260924
Error executing job with overrides: []
Traceback (most recent call last):
  File "/home/xiexuhui/IsaacLab-Instinct/source/isaaclab_tasks/isaaclab_tasks/utils/hydra.py", line 100, in hydra_main
    func(env_cfg, agent_cfg, *args, **kwargs)
  File "/home/xiexuhui/InstinctLab/scripts/instinct_rl/train.py", line 197, in main
    env = gym.make(args_cli.task, cfg=env_cfg, render_mode="rgb_array" if args_cli.video else None)
          ^^^^^^^^^^^^^^^^^^^^^^^^^^^^^^^^^^^^^^^^^^^^^^^^^^^^^^^^^^^^^^^^^^^^^^^^^^^^^^^^^^^^^^^^^
  File "/home/xiexuhui/miniconda3/envs/instinctlab/lib/python3.11/site-packages/gymnasium/envs/registration.py", line 734, in make
    env = env_creator(**env_spec_kwargs)
          ^^^^^^^^^^^^^^^^^^^^^^^^^^^^^^
  File "/home/xiexuhui/IsaacLab-Instinct/source/isaaclab/isaaclab/envs/manager_based_rl_env.py", line 77, in __init__
    self.episode_length_buf = torch.zeros(cfg.scene.num_envs, device=cfg.sim.device, dtype=torch.long)
                              ^^^^^^^^^^^^^^^^^^^^^^^^^^^^^^^^^^^^^^^^^^^^^^^^^^^^^^^^^^^^^^^^^^^^^^^^
  File "/home/xiexuhui/miniconda3/envs/instinctlab/lib/python3.11/site-packages/torch/cuda/__init__.py", line 372, in _lazy_init
    torch._C._cuda_init()
RuntimeError: No CUDA GPUs are available

Set the environment variable HYDRA_FULL_ERROR=1 for a complete stack trace.
2026-09-24T10:36:49Z [6,146ms] [Warning] [omni.physx.plugin] USD stage detach not called, holding a loose ptr to a stage!
2026-09-24T10:36:49Z [6,167ms] [Warning] [carb] Recursive unloadAllPlugins() detected!
