[INFO][AppLauncher]: Using device: cuda:0
[INFO][AppLauncher]: Loading experience file: /home/xiexuhui/IsaacLab-Instinct/apps/isaaclab.python.headless.kit
Loading user config located at: '/home/xiexuhui/miniconda3/envs/instinctlab/lib/python3.11/site-packages/isaacsim/kit/data/Kit/Isaac-Sim/5.1/user.config.json'
[Info] [carb] Logging to file: /home/xiexuhui/miniconda3/envs/instinctlab/lib/python3.11/site-packages/isaacsim/kit/logs/Kit/Isaac-Sim/5.1/kit_20260924_090230.log
2026-09-24T01:02:30Z [94ms] [Warning] [omni.usd_config.extension] Enable omni.materialx.libs extension to use MaterialX
2026-09-24T01:02:30Z [579ms] [Warning] [carb] Acquiring non optional plugin interface which is not listed as dependency: [omni::physx::IPhysxBenchmarks v1.0] (plugin: <default plugin>), by client: omni.physics.physx.plugin. Add it to CARB_PLUGIN_IMPL_DEPS() macro of a client.
2026-09-24T01:02:30Z [588ms] [Warning] [omni.isaac.dynamic_control] omni.isaac.dynamic_control is deprecated as of Isaac Sim 4.5. No action is needed from end-users.
2026-09-24T01:02:33Z [3,822ms] [Warning] [gpu.foundation.plugin] Skipping unsupported non-NVIDIA GPU: Intel(R) Graphics (ARL)
2026-09-24T01:02:33Z [3,823ms] [Warning] [gpu.foundation.plugin] Skipping unsupported non-NVIDIA GPU: Intel(R) Graphics (ARL)

|---------------------------------------------------------------------------------------------|
| Driver Version: 580.173.02    | Graphics API: Vulkan
|=============================================================================================|
| GPU | Name                             | Active | LDA | GPU Memory | Vendor-ID | LUID       |
|     |                                  |        |     |            | Device-ID | UUID       |
|     |                                  |        |     |            | Bus-ID    |            |
|---------------------------------------------------------------------------------------------|
| 0   | NVIDIA GeForce RTX 5070 Laptop.. | Yes: 0 |     | 8151    MB | 10de      | 0          |
|     |                                  |        |     |            | 2d58      | e21cdd6c.. |
|     |                                  |        |     |            | 2         |            |
|---------------------------------------------------------------------------------------------|
| 1   | Intel(R) Graphics (ARL)          |        |     | 23633   MB | 8086      | 0          |
|     |                                  |        |     |            | 7d67      | 8680677d.. |
|     |                                  |        |     |            | 0         |            |
|=============================================================================================|
| OS: 24.04.3 LTS (Noble Numbat) ubuntu, Version: 24.04.3, Kernel: 7.0.0-30-generic
| XServer Vendor: The X.Org Foundation, XServer Version: 12101011 (1.21.1.11)
| Processor: Intel(R) Core(TM) Ultra 9 275HX
| Cores: 24 | Logical Cores: 24
|---------------------------------------------------------------------------------------------|
| Total Memory (MB): 31511 | Free Memory: 17818
| Total Page/Swap (MB): 15624 | Free Page/Swap: 15624
|---------------------------------------------------------------------------------------------|
2026-09-24T01:02:34Z [4,159ms] [Warning] [gpu.foundation.plugin] CPU performance profile is set to powersave. This profile sets the CPU to the lowest frequency reducing performance.
2026-09-24T01:02:34Z [4,169ms] [Warning] [gpu.foundation.plugin] PCIe link width current (8) and maximum (16) for device 0 don't match.
2026-09-24T01:02:34Z [4,169ms] [Warning] [gpu.foundation.plugin] IOMMU is enabled.
2026-09-24T01:02:34Z [4,169ms] [Warning] [gpu.foundation.plugin] Detected IOMMU is enabled. Running CUDA peer-to-peer bandwidth and latency validation.
Unidirectional P2P=Enabled Bandwidth (P2P Writes) Matrix (GB/s)
   D\D     0 
     0 264.20 
P2P=Enabled Latency (P2P Writes) Matrix (us)
   GPU     0 
     0   2.07 

   CPU     0 
     0   2.74 
2026-09-24T01:02:34Z [4,222ms] [Warning] [omni.kvdb.plugin] Disabling key-value database because another kit process is locking it
Failed to import RslRlVecEnvWrapper, ignoring...
[INFO]: Parsing configuration from: <class 'instinctlab.tasks.locomotion.config.g1.research_env_cfg.G1ResearchEnvCfg'>
[INFO]: Parsing configuration from: instinctlab.tasks.locomotion.config.g1.agents.instinct_rl_ppo_cfg:G1FlatPPORunnerCfg
[INFO] Logging experiment in directory: /home/xiexuhui/InstinctLab/logs/e1-d4/action_distribution_20260924_085857/train

[36m======================================================================================[0m
[36m[1m[INFO][IsaacLab]: Logging to file: /tmp/isaaclab/logs/isaaclab_2026-09-24_09-02-37.log[0m
[36m======================================================================================[0m

[33m09:02:37 [simulation_context.py] WARNING: The `enable_external_forces_every_iteration` parameter in the PhysxCfg is set to False. If you are experiencing noisy velocities, consider enabling this flag. You may need to slightly increase the number of velocity iterations (setting it to 1 or 2 rather than 0), together with this flag, to improve the accuracy of velocity updates.[0m
[INFO]: Base environment:
	Environment device    : cuda:0
	Environment seed      : 42
	Physics step-size     : 0.005
	Rendering step-size   : 0.02
	Environment step-size : 0.02
2026-09-24T01:02:38Z [8,763ms] [Warning] [gpu.foundation.plugin] Skipping unsupported non-NVIDIA GPU: Intel(R) Graphics (ARL)
2026-09-24T01:02:38Z [8,763ms] [Warning] [gpu.foundation.plugin] Skipping unsupported non-NVIDIA GPU: Intel(R) Graphics (ARL)

|---------------------------------------------------------------------------------------------|
| Driver Version: 580.173.02    | Graphics API: Vulkan
|=============================================================================================|
| GPU | Name                             | Active | LDA | GPU Memory | Vendor-ID | LUID       |
|     |                                  |        |     |            | Device-ID | UUID       |
|     |                                  |        |     |            | Bus-ID    |            |
|---------------------------------------------------------------------------------------------|
| 0   | NVIDIA GeForce RTX 5070 Laptop.. | Yes: 0 |     | 8151    MB | 10de      | 0          |
|     |                                  |        |     |            | 2d58      | e21cdd6c.. |
|     |                                  |        |     |            | 2         |            |
|---------------------------------------------------------------------------------------------|
| 1   | Intel(R) Graphics (ARL)          |        |     | 23633   MB | 8086      | 0          |
|     |                                  |        |     |            | 7d67      | 8680677d.. |
|     |                                  |        |     |            | 0         |            |
|=============================================================================================|
| OS: 24.04.3 LTS (Noble Numbat) ubuntu, Version: 24.04.3, Kernel: 7.0.0-30-generic
| XServer Vendor: The X.Org Foundation, XServer Version: 12101011 (1.21.1.11)
| Processor: Intel(R) Core(TM) Ultra 9 275HX
| Cores: 24 | Logical Cores: 24
|---------------------------------------------------------------------------------------------|
| Total Memory (MB): 31511 | Free Memory: 17356
| Total Page/Swap (MB): 15624 | Free Page/Swap: 15624
|---------------------------------------------------------------------------------------------|
2026-09-24T01:02:39Z [9,156ms] [Warning] [gpu.foundation.plugin] CPU performance profile is set to powersave. This profile sets the CPU to the lowest frequency reducing performance.
2026-09-24T01:02:39Z [9,157ms] [Warning] [gpu.foundation.plugin] PCIe link width current (8) and maximum (16) for device 0 don't match.
Unidirectional P2P=Enabled Bandwidth (P2P Writes) Matrix (GB/s)
   D\D     0 
     0 213.84 
P2P=Enabled Latency (P2P Writes) Matrix (us)
   GPU     0 
     0   2.07 

   CPU     0 
     0   2.84 
2026-09-24T01:02:39Z [9,172ms] [Warning] [gpu.foundation.plugin] IOMMU is enabled.
2026-09-24T01:02:39Z [9,172ms] [Warning] [gpu.foundation.plugin] Detected IOMMU is enabled. Running CUDA peer-to-peer bandwidth and latency validation.
Unidirectional P2P=Enabled Bandwidth (P2P Writes) Matrix (GB/s)
   D\D     0 
     0 229.80 
P2P=Enabled Latency (P2P Writes) Matrix (us)
   GPU     0 
     0   2.07 

   CPU     0 
     0   2.58 
2026-09-24T01:02:40Z [10,157ms] [Warning] [omni.graph.visualization.nodes._impl.extension] No Viewport Window to add omni.graph.visualization.nodes-2.1.3 scene to
2026-09-24T01:02:40Z [10,216ms] [Warning] [isaacsim.asset.importer.urdf] DEPRECATION WARNING: Merging bodies with inertia is deprecated. This will be removed in a future release.
2026-09-24T01:02:40Z [10,216ms] [Warning] [isaacsim.asset.importer.urdf] link head_link has body properties (mass, inertia, or collisions) and is being merged into torso_link
2026-09-24T01:02:40Z [10,217ms] [Warning] [isaacsim.asset.importer.urdf] DEPRECATION WARNING: Merging bodies with inertia is deprecated. This will be removed in a future release.
2026-09-24T01:02:40Z [10,217ms] [Warning] [isaacsim.asset.importer.urdf] link imu_in_torso has body properties (mass, inertia, or collisions) and is being merged into torso_link
2026-09-24T01:02:40Z [10,217ms] [Warning] [isaacsim.asset.importer.urdf] DEPRECATION WARNING: Merging bodies with inertia is deprecated. This will be removed in a future release.
2026-09-24T01:02:40Z [10,217ms] [Warning] [isaacsim.asset.importer.urdf] link left_rubber_hand has body properties (mass, inertia, or collisions) and is being merged into left_wrist_yaw_link
2026-09-24T01:02:40Z [10,217ms] [Warning] [isaacsim.asset.importer.urdf] DEPRECATION WARNING: Merging bodies with inertia is deprecated. This will be removed in a future release.
2026-09-24T01:02:40Z [10,217ms] [Warning] [isaacsim.asset.importer.urdf] link logo_link has body properties (mass, inertia, or collisions) and is being merged into torso_link
2026-09-24T01:02:40Z [10,217ms] [Warning] [isaacsim.asset.importer.urdf] DEPRECATION WARNING: Merging bodies with inertia is deprecated. This will be removed in a future release.
2026-09-24T01:02:40Z [10,217ms] [Warning] [isaacsim.asset.importer.urdf] link mid360_link has body properties (mass, inertia, or collisions) and is being merged into torso_link
2026-09-24T01:02:40Z [10,217ms] [Warning] [isaacsim.asset.importer.urdf] DEPRECATION WARNING: Merging bodies with inertia is deprecated. This will be removed in a future release.
2026-09-24T01:02:40Z [10,217ms] [Warning] [isaacsim.asset.importer.urdf] link right_rubber_hand has body properties (mass, inertia, or collisions) and is being merged into right_wrist_yaw_link
2026-09-24T01:02:40Z [10,217ms] [Warning] [isaacsim.asset.importer.urdf] DEPRECATION WARNING: Merging bodies with inertia is deprecated. This will be removed in a future release.
2026-09-24T01:02:40Z [10,217ms] [Warning] [isaacsim.asset.importer.urdf] link imu_in_pelvis has body properties (mass, inertia, or collisions) and is being merged into pelvis
2026-09-24T01:02:40Z [10,217ms] [Warning] [isaacsim.asset.importer.urdf] DEPRECATION WARNING: Merging bodies with inertia is deprecated. This will be removed in a future release.
2026-09-24T01:02:40Z [10,217ms] [Warning] [isaacsim.asset.importer.urdf] link LL_FOOT has body properties (mass, inertia, or collisions) and is being merged into left_ankle_roll_link
2026-09-24T01:02:40Z [10,217ms] [Warning] [isaacsim.asset.importer.urdf] DEPRECATION WARNING: Merging bodies with inertia is deprecated. This will be removed in a future release.
2026-09-24T01:02:40Z [10,217ms] [Warning] [isaacsim.asset.importer.urdf] link pelvis_contour_link has body properties (mass, inertia, or collisions) and is being merged into pelvis
2026-09-24T01:02:40Z [10,217ms] [Warning] [isaacsim.asset.importer.urdf] DEPRECATION WARNING: Merging bodies with inertia is deprecated. This will be removed in a future release.
2026-09-24T01:02:40Z [10,217ms] [Warning] [isaacsim.asset.importer.urdf] link LR_FOOT has body properties (mass, inertia, or collisions) and is being merged into right_ankle_roll_link
[INFO]: Time taken for scene creation : 4.285844 seconds
[INFO]: Scene manager:  <class InteractiveScene>
	Number of environments: 64
	Environment spacing   : 2.5
	Source prim name      : /World/envs/env_0
	Global prim paths     : ['/World/ground']
	Replicate physics     : True
[INFO]: Starting the simulation. This may take a few seconds. Please wait...
[INFO]: Time taken for simulation start : 0.843044 seconds
[INFO] Command Manager:  <CommandManager> contains 1 active terms.
+------------------------------------------------+
|              Active Command Terms              |
+-------+---------------+------------------------+
| Index | Name          |          Type          |
+-------+---------------+------------------------+
|   0   | base_velocity | UniformVelocityCommand |
+-------+---------------+------------------------+

[INFO] Event Manager:  <EventManager> contains 3 active terms.
+--------------------------------------+
| Active Event Terms in Mode: 'startup' |
+----------+---------------------------+
|  Index   | Name                      |
+----------+---------------------------+
|    0     | physics_material          |
|    1     | add_base_mass             |
+----------+---------------------------+
+---------------------------------------+
|  Active Event Terms in Mode: 'reset'  |
+--------+------------------------------+
| Index  | Name                         |
+--------+------------------------------+
|   0    | base_external_force_torque   |
|   1    | reset_base                   |
|   2    | reset_robot_joints           |
+--------+------------------------------+
+----------------------------------------------+
|    Active Event Terms in Mode: 'interval'    |
+-------+------------+-------------------------+
| Index | Name       | Interval time range (s) |
+-------+------------+-------------------------+
|   0   | push_robot |       (10.0, 15.0)      |
+-------+------------+-------------------------+

[INFO] Recorder Manager:  <RecorderManager> contains 0 active terms.
+---------------------+
| Active Recorder Terms |
+-----------+---------+
|   Index   | Name    |
+-----------+---------+
+-----------+---------+

[INFO] Action Manager:  <ActionManager> contains 1 active terms.
+------------------------------------+
|  Active Action Terms (shape: 29)   |
+--------+-------------+-------------+
| Index  | Name        |   Dimension |
+--------+-------------+-------------+
|   0    | joint_pos   |          29 |
+--------+-------------+-------------+

[INFO] Observation Manager: <ObservationManager> contains 2 groups.
+---------------------------------------------+
| Active Observation Terms in Group: 'policy' |
+---------+-------------------------+---------+
|  Index  | Name                    |  Shape  |
+---------+-------------------------+---------+
|    0    | base_ang_vel            |   (3,)  |
|    1    | projected_gravity       |   (3,)  |
|    2    | velocity_commands       |   (3,)  |
|    3    | joint_pos               |  (29,)  |
|    4    | joint_vel               |  (29,)  |
|    5    | actions                 |  (29,)  |
+---------+-------------------------+---------+
+---------------------------------------------+
| Active Observation Terms in Group: 'critic' |
+---------+-------------------------+---------+
|  Index  | Name                    |  Shape  |
+---------+-------------------------+---------+
|    0    | base_lin_vel            |   (3,)  |
|    1    | base_ang_vel            |   (3,)  |
|    2    | projected_gravity       |   (3,)  |
|    3    | velocity_commands       |   (3,)  |
|    4    | joint_pos               |  (29,)  |
|    5    | joint_vel               |  (29,)  |
|    6    | actions                 |  (29,)  |
+---------+-------------------------+---------+

[INFO] Termination Manager:  <TerminationManager> contains 2 active terms.
+---------------------------------+
|     Active Termination Terms    |
+-------+--------------+----------+
| Index | Name         | Time Out |
+-------+--------------+----------+
|   0   | time_out     |   True   |
|   1   | primary_fall |  False   |
+-------+--------------+----------+

[INFO] Reward Manager:  <RewardManager> contains 16 active terms.
+----------------------------------------+
|          Active Reward Terms           |
+-------+-----------------------+--------+
| Index | Name                  | Weight |
+-------+-----------------------+--------+
|   0   | termination_penalty   | -200.0 |
|   1   | track_lin_vel_xy_exp  |    1.0 |
|   2   | track_ang_vel_z_exp   |    1.0 |
|   3   | feet_air_time         |    1.0 |
|   4   | feet_slide            |   -0.1 |
|   5   | flat_orientation_l2   |   -1.0 |
|   6   | stand_still           |   -0.8 |
|   7   | dof_pos_limits        |   -1.0 |
|   8   | joint_deviation_hip   |   -0.1 |
|   9   | joint_deviation_arms  |   -0.1 |
|   10  | joint_deviation_torso |   -0.1 |
|   11  | joint_deviation_knee  |  -0.05 |
|   12  | lin_vel_z_l2          |   -0.1 |
|   13  | action_rate_l2        |  -0.05 |
|   14  | dof_acc_l2            | -2e-07 |
|   15  | dof_torques_l2        | -4e-06 |
+-------+-----------------------+--------+

[INFO] Curriculum Manager:  <CurriculumManager> contains 0 active terms.
+----------------------+
| Active Curriculum Terms |
+-----------+----------+
|   Index   | Name     |
+-----------+----------+
+-----------+----------+

[INFO] Monitor Manager:  <MonitorManager> contains 0 active groups.
+------------------------+
|  Active Monitor Terms  |
+--------+-------+-------+
| Index  |  Name |  Func |
+--------+-------+-------+
+--------+-------+-------+

[INFO]: Completed setting up the environment...
2026-09-24T01:02:43Z [13,051ms] [Warning] [omni.physx.fabric.plugin] FabricManager::initializePointInstancer mismatched prototypes on point instancer: /Visuals/Command/velocity_current.
2026-09-24T01:02:43Z [13,051ms] [Warning] [omni.physx.fabric.plugin] FabricManager::initializePointInstancer mismatched prototypes on point instancer: /Visuals/Command/velocity_goal.
obs_format to build ActorCritic: {'policy': {'base_ang_vel': (3,), 'projected_gravity': (3,), 'velocity_commands': (3,), 'joint_pos': (29,), 'joint_vel': (29,), 'actions': (29,)}, 'critic': {'base_lin_vel': (3,), 'base_ang_vel': (3,), 'projected_gravity': (3,), 'velocity_commands': (3,), 'joint_pos': (29,), 'joint_vel': (29,), 'actions': (29,)}}
Actor MLP: Sequential(
  (0): Linear(in_features=96, out_features=256, bias=True)
  (1): ELU(alpha=1.0)
  (2): Linear(in_features=256, out_features=128, bias=True)
  (3): ELU(alpha=1.0)
  (4): Linear(in_features=128, out_features=128, bias=True)
  (5): ELU(alpha=1.0)
  (6): Linear(in_features=128, out_features=29, bias=True)
)
Critic MLP: Sequential(
  (0): Linear(in_features=99, out_features=256, bias=True)
  (1): ELU(alpha=1.0)
  (2): Linear(in_features=256, out_features=128, bias=True)
  (3): ELU(alpha=1.0)
  (4): Linear(in_features=128, out_features=128, bias=True)
  (5): ELU(alpha=1.0)
  (6): Linear(in_features=128, out_features=1, bias=True)
)
[INFO]: Initialization done, start learning.
NOTE: you may see a bunch of `NaN or Inf found in input tensor` once and appears in the log. Just ignore it if it does not affect the performance.
Storing git diff for 'instinct_rl' in: /home/xiexuhui/InstinctLab/logs/e1-d4/action_distribution_20260924_085857/train/20260924_090237_G1ResearchPrimaryFall_E1_D4_Research_s42/git/instinct_rl_ba45ed2.diff
Storing git diff for 'InstinctLab' in: /home/xiexuhui/InstinctLab/logs/e1-d4/action_distribution_20260924_085857/train/20260924_090237_G1ResearchPrimaryFall_E1_D4_Research_s42/git/InstinctLab_ba28d3d.diff
Error executing job with overrides: []
Traceback (most recent call last):
  File "/home/xiexuhui/InstinctLab/scripts/instinct_rl/train.py", line 281, in main
    runner.learn(
  File "/home/xiexuhui/instinct_rl/instinct_rl/runners/on_policy_runner.py", line 159, in learn
    obs, critic_obs, rewards, dones, infos = self.rollout_step(obs, critic_obs)
                                             ^^^^^^^^^^^^^^^^^^^^^^^^^^^^^^^^^^
  File "/home/xiexuhui/instinct_rl/instinct_rl/runners/on_policy_runner.py", line 209, in rollout_step
    obs, rewards, dones, infos = self.env.step(actions)
                                 ^^^^^^^^^^^^^^^^^^^^^^
  File "/home/xiexuhui/InstinctLab/source/instinctlab/instinctlab/utils/wrappers/instinct_rl/vecenv_wrapper.py", line 164, in step
    obs_pack, rew, terminated, truncated, extras = self.env.step(actions)
                                                   ^^^^^^^^^^^^^^^^^^^^^^
  File "/home/xiexuhui/miniconda3/envs/instinctlab/lib/python3.11/site-packages/gymnasium/wrappers/common.py", line 393, in step
    return super().step(action)
           ^^^^^^^^^^^^^^^^^^^^
  File "/home/xiexuhui/miniconda3/envs/instinctlab/lib/python3.11/site-packages/gymnasium/core.py", line 327, in step
    return self.env.step(action)
           ^^^^^^^^^^^^^^^^^^^^^
  File "/home/xiexuhui/InstinctLab/source/instinctlab/instinctlab/envs/manager_based_rl_env.py", line 38, in step
    return_ = super().step(action)
              ^^^^^^^^^^^^^^^^^^^^
  File "/home/xiexuhui/IsaacLab-Instinct/source/isaaclab/isaaclab/envs/manager_based_rl_env.py", line 208, in step
    self.reward_buf = self.reward_manager.compute(dt=self.step_dt)
                      ^^^^^^^^^^^^^^^^^^^^^^^^^^^^^^^^^^^^^^^^^^^^
  File "/home/xiexuhui/InstinctLab/scripts/instinct_rl/e1_d4_training_audit.py", line 233, in observe_reward_compute
    self.record_reward_before_reset(dt)
  File "/home/xiexuhui/InstinctLab/scripts/instinct_rl/e1_d4_training_audit.py", line 156, in record_reward_before_reset
    contact_sensor = raw.scene.get("contact_forces")
                     ^^^^^^^^^^^^^
AttributeError: 'InteractiveScene' object has no attribute 'get'

During handling of the above exception, another exception occurred:

Traceback (most recent call last):
  File "/home/xiexuhui/IsaacLab-Instinct/source/isaaclab_tasks/isaaclab_tasks/utils/hydra.py", line 100, in hydra_main
    func(env_cfg, agent_cfg, *args, **kwargs)
  File "/home/xiexuhui/InstinctLab/scripts/instinct_rl/train.py", line 288, in main
    audit.finish(success)
  File "/home/xiexuhui/InstinctLab/scripts/instinct_rl/e1_d4_training_audit.py", line 415, in finish
    raise RuntimeError("E1-D4 diagnostics did not complete exactly 20 updates")
RuntimeError: E1-D4 diagnostics did not complete exactly 20 updates

Set the environment variable HYDRA_FULL_ERROR=1 for a complete stack trace.
2026-09-24T01:02:44Z [13,978ms] [Warning] [omni.physx.plugin] USD stage detach not called, holding a loose ptr to a stage!
2026-09-24T01:02:44Z [14,391ms] [Warning] [carb] Recursive unloadAllPlugins() detected!
