2026-09-17 15:43:21 [simulation_context.py:836] WARNING: The `enable_external_forces_every_iteration` parameter in the PhysxCfg is set to False. If you are experiencing noisy velocities, consider enabling this flag. You may need to slightly increase the number of velocity iterations (setting it to 1 or 2 rather than 0), together with this flag, to improve the accuracy of velocity updates.
2026-09-17 15:43:24 [ogn_types.py:52] DEBUG: Defining data type 'any' as 'Any'
2026-09-17 15:43:24 [ogn_types.py:52] DEBUG: Defining data type 'bool' as 'Bool' and array 'BoolArray
2026-09-17 15:43:24 [ogn_types.py:52] DEBUG: Defining data type 'bundle' as 'Bundle'
2026-09-17 15:43:24 [ogn_types.py:52] DEBUG: Defining data type 'colord[3]' as 'Color3d' and array 'Color3dArray
2026-09-17 15:43:24 [ogn_types.py:52] DEBUG: Defining data type 'colorf[3]' as 'Color3f' and array 'Color3fArray
2026-09-17 15:43:24 [ogn_types.py:52] DEBUG: Defining data type 'colorh[3]' as 'Color3h' and array 'Color3hArray
2026-09-17 15:43:24 [ogn_types.py:52] DEBUG: Defining data type 'colord[4]' as 'Color4d' and array 'Color4dArray
2026-09-17 15:43:24 [ogn_types.py:52] DEBUG: Defining data type 'colorf[4]' as 'Color4f' and array 'Color4fArray
2026-09-17 15:43:24 [ogn_types.py:52] DEBUG: Defining data type 'colorh[4]' as 'Color4h' and array 'Color4hArray
2026-09-17 15:43:24 [ogn_types.py:52] DEBUG: Defining data type 'double' as 'Double' and array 'DoubleArray
2026-09-17 15:43:24 [ogn_types.py:52] DEBUG: Defining data type 'double[2]' as 'Double2' and array 'Double2Array
2026-09-17 15:43:24 [ogn_types.py:52] DEBUG: Defining data type 'double[3]' as 'Double3' and array 'Double3Array
2026-09-17 15:43:24 [ogn_types.py:52] DEBUG: Defining data type 'double[4]' as 'Double4' and array 'Double4Array
2026-09-17 15:43:24 [ogn_types.py:52] DEBUG: Defining data type 'execution' as 'Execution'
2026-09-17 15:43:24 [ogn_types.py:52] DEBUG: Defining data type 'float' as 'Float' and array 'FloatArray
2026-09-17 15:43:24 [ogn_types.py:52] DEBUG: Defining data type 'float[2]' as 'Float2' and array 'Float2Array
2026-09-17 15:43:24 [ogn_types.py:52] DEBUG: Defining data type 'float[3]' as 'Float3' and array 'Float3Array
2026-09-17 15:43:24 [ogn_types.py:52] DEBUG: Defining data type 'float[4]' as 'Float4' and array 'Float4Array
2026-09-17 15:43:24 [ogn_types.py:52] DEBUG: Defining data type 'frame[4]' as 'Frame' and array 'FrameArray
2026-09-17 15:43:24 [ogn_types.py:52] DEBUG: Defining data type 'half' as 'Half' and array 'HalfArray
2026-09-17 15:43:24 [ogn_types.py:52] DEBUG: Defining data type 'half[2]' as 'Half2' and array 'Half2Array
2026-09-17 15:43:24 [ogn_types.py:52] DEBUG: Defining data type 'half[3]' as 'Half3' and array 'Half3Array
2026-09-17 15:43:24 [ogn_types.py:52] DEBUG: Defining data type 'half[4]' as 'Half4' and array 'Half4Array
2026-09-17 15:43:24 [ogn_types.py:52] DEBUG: Defining data type 'int' as 'Int' and array 'IntArray
2026-09-17 15:43:24 [ogn_types.py:52] DEBUG: Defining data type 'int[2]' as 'Int2' and array 'Int2Array
2026-09-17 15:43:24 [ogn_types.py:52] DEBUG: Defining data type 'int[3]' as 'Int3' and array 'Int3Array
2026-09-17 15:43:24 [ogn_types.py:52] DEBUG: Defining data type 'int[4]' as 'Int4' and array 'Int4Array
2026-09-17 15:43:24 [ogn_types.py:52] DEBUG: Defining data type 'int64' as 'Int64' and array 'Int64Array
2026-09-17 15:43:24 [ogn_types.py:52] DEBUG: Defining data type 'matrixd[2]' as 'Matrix2d' and array 'Matrix2dArray
2026-09-17 15:43:24 [ogn_types.py:52] DEBUG: Defining data type 'matrixd[3]' as 'Matrix3d' and array 'Matrix3dArray
2026-09-17 15:43:24 [ogn_types.py:52] DEBUG: Defining data type 'matrixd[4]' as 'Matrix4d' and array 'Matrix4dArray
2026-09-17 15:43:24 [ogn_types.py:52] DEBUG: Defining data type 'normald[3]' as 'Normal3d' and array 'Normal3dArray
2026-09-17 15:43:24 [ogn_types.py:52] DEBUG: Defining data type 'normalf[3]' as 'Normal3f' and array 'Normal3fArray
2026-09-17 15:43:24 [ogn_types.py:52] DEBUG: Defining data type 'normalh[3]' as 'Normal3h' and array 'Normal3hArray
2026-09-17 15:43:24 [ogn_types.py:52] DEBUG: Defining data type 'objectId' as 'ObjectId' and array 'ObjectIdArray
2026-09-17 15:43:24 [ogn_types.py:52] DEBUG: Defining data type 'path' as 'Path'
2026-09-17 15:43:24 [ogn_types.py:52] DEBUG: Defining data type 'pointd[3]' as 'Point3d' and array 'Point3dArray
2026-09-17 15:43:24 [ogn_types.py:52] DEBUG: Defining data type 'pointf[3]' as 'Point3f' and array 'Point3fArray
2026-09-17 15:43:24 [ogn_types.py:52] DEBUG: Defining data type 'pointh[3]' as 'Point3h' and array 'Point3hArray
2026-09-17 15:43:24 [ogn_types.py:52] DEBUG: Defining data type 'quatd[4]' as 'Quatd' and array 'QuatdArray
2026-09-17 15:43:24 [ogn_types.py:52] DEBUG: Defining data type 'quatf[4]' as 'Quatf' and array 'QuatfArray
2026-09-17 15:43:24 [ogn_types.py:52] DEBUG: Defining data type 'quath[4]' as 'Quath' and array 'QuathArray
2026-09-17 15:43:24 [ogn_types.py:52] DEBUG: Defining data type 'string' as 'String'
2026-09-17 15:43:24 [ogn_types.py:52] DEBUG: Defining data type 'target' as 'Target'
2026-09-17 15:43:24 [ogn_types.py:52] DEBUG: Defining data type 'texcoordd[2]' as 'TexCoord2d' and array 'TexCoord2dArray
2026-09-17 15:43:24 [ogn_types.py:52] DEBUG: Defining data type 'texcoordf[2]' as 'TexCoord2f' and array 'TexCoord2fArray
2026-09-17 15:43:24 [ogn_types.py:52] DEBUG: Defining data type 'texcoordh[2]' as 'TexCoord2h' and array 'TexCoord2hArray
2026-09-17 15:43:24 [ogn_types.py:52] DEBUG: Defining data type 'texcoordd[3]' as 'TexCoord3d' and array 'TexCoord3dArray
2026-09-17 15:43:24 [ogn_types.py:52] DEBUG: Defining data type 'texcoordf[3]' as 'TexCoord3f' and array 'TexCoord3fArray
2026-09-17 15:43:24 [ogn_types.py:52] DEBUG: Defining data type 'texcoordh[3]' as 'TexCoord3h' and array 'TexCoord3hArray
2026-09-17 15:43:24 [ogn_types.py:52] DEBUG: Defining data type 'timecode' as 'Timecode' and array 'TimecodeArray
2026-09-17 15:43:24 [ogn_types.py:52] DEBUG: Defining data type 'token' as 'Token' and array 'TokenArray
2026-09-17 15:43:24 [ogn_types.py:52] DEBUG: Defining data type 'uchar' as 'UChar' and array 'UCharArray
2026-09-17 15:43:24 [ogn_types.py:52] DEBUG: Defining data type 'uint' as 'UInt' and array 'UIntArray
2026-09-17 15:43:24 [ogn_types.py:52] DEBUG: Defining data type 'uint64' as 'UInt64' and array 'UInt64Array
2026-09-17 15:43:24 [ogn_types.py:52] DEBUG: Defining data type 'vectord[3]' as 'Vector3d' and array 'Vector3dArray
2026-09-17 15:43:24 [ogn_types.py:52] DEBUG: Defining data type 'vectorf[3]' as 'Vector3f' and array 'Vector3fArray
2026-09-17 15:43:24 [ogn_types.py:52] DEBUG: Defining data type 'vectorh[3]' as 'Vector3h' and array 'Vector3hArray
2026-09-17 15:43:25 [schemas.py:557] DEBUG: Adding contact report API to prim: '/World/envs/env_0/Robot/torso_link'
2026-09-17 15:43:25 [schemas.py:557] DEBUG: Adding contact report API to prim: '/World/envs/env_0/Robot/left_shoulder_pitch_link'
2026-09-17 15:43:25 [schemas.py:557] DEBUG: Adding contact report API to prim: '/World/envs/env_0/Robot/left_shoulder_roll_link'
2026-09-17 15:43:25 [schemas.py:557] DEBUG: Adding contact report API to prim: '/World/envs/env_0/Robot/left_shoulder_yaw_link'
2026-09-17 15:43:25 [schemas.py:557] DEBUG: Adding contact report API to prim: '/World/envs/env_0/Robot/left_elbow_link'
2026-09-17 15:43:25 [schemas.py:557] DEBUG: Adding contact report API to prim: '/World/envs/env_0/Robot/left_wrist_roll_link'
2026-09-17 15:43:25 [schemas.py:557] DEBUG: Adding contact report API to prim: '/World/envs/env_0/Robot/left_wrist_pitch_link'
2026-09-17 15:43:25 [schemas.py:557] DEBUG: Adding contact report API to prim: '/World/envs/env_0/Robot/left_wrist_yaw_link'
2026-09-17 15:43:25 [schemas.py:557] DEBUG: Adding contact report API to prim: '/World/envs/env_0/Robot/right_shoulder_pitch_link'
2026-09-17 15:43:25 [schemas.py:557] DEBUG: Adding contact report API to prim: '/World/envs/env_0/Robot/right_shoulder_roll_link'
2026-09-17 15:43:25 [schemas.py:557] DEBUG: Adding contact report API to prim: '/World/envs/env_0/Robot/right_shoulder_yaw_link'
2026-09-17 15:43:25 [schemas.py:557] DEBUG: Adding contact report API to prim: '/World/envs/env_0/Robot/right_elbow_link'
2026-09-17 15:43:25 [schemas.py:557] DEBUG: Adding contact report API to prim: '/World/envs/env_0/Robot/right_wrist_roll_link'
2026-09-17 15:43:25 [schemas.py:557] DEBUG: Adding contact report API to prim: '/World/envs/env_0/Robot/right_wrist_pitch_link'
2026-09-17 15:43:25 [schemas.py:557] DEBUG: Adding contact report API to prim: '/World/envs/env_0/Robot/right_wrist_yaw_link'
2026-09-17 15:43:25 [schemas.py:557] DEBUG: Adding contact report API to prim: '/World/envs/env_0/Robot/waist_roll_link'
2026-09-17 15:43:25 [schemas.py:557] DEBUG: Adding contact report API to prim: '/World/envs/env_0/Robot/waist_yaw_link'
2026-09-17 15:43:25 [schemas.py:557] DEBUG: Adding contact report API to prim: '/World/envs/env_0/Robot/pelvis'
2026-09-17 15:43:25 [schemas.py:557] DEBUG: Adding contact report API to prim: '/World/envs/env_0/Robot/left_hip_pitch_link'
2026-09-17 15:43:25 [schemas.py:557] DEBUG: Adding contact report API to prim: '/World/envs/env_0/Robot/left_hip_roll_link'
2026-09-17 15:43:25 [schemas.py:557] DEBUG: Adding contact report API to prim: '/World/envs/env_0/Robot/left_hip_yaw_link'
2026-09-17 15:43:25 [schemas.py:557] DEBUG: Adding contact report API to prim: '/World/envs/env_0/Robot/left_knee_link'
2026-09-17 15:43:25 [schemas.py:557] DEBUG: Adding contact report API to prim: '/World/envs/env_0/Robot/left_ankle_pitch_link'
2026-09-17 15:43:25 [schemas.py:557] DEBUG: Adding contact report API to prim: '/World/envs/env_0/Robot/left_ankle_roll_link'
2026-09-17 15:43:25 [schemas.py:557] DEBUG: Adding contact report API to prim: '/World/envs/env_0/Robot/right_hip_pitch_link'
2026-09-17 15:43:25 [schemas.py:557] DEBUG: Adding contact report API to prim: '/World/envs/env_0/Robot/right_hip_roll_link'
2026-09-17 15:43:25 [schemas.py:557] DEBUG: Adding contact report API to prim: '/World/envs/env_0/Robot/right_hip_yaw_link'
2026-09-17 15:43:25 [schemas.py:557] DEBUG: Adding contact report API to prim: '/World/envs/env_0/Robot/right_knee_link'
2026-09-17 15:43:25 [schemas.py:557] DEBUG: Adding contact report API to prim: '/World/envs/env_0/Robot/right_ankle_pitch_link'
2026-09-17 15:43:25 [schemas.py:557] DEBUG: Adding contact report API to prim: '/World/envs/env_0/Robot/right_ankle_roll_link'
2026-09-17 15:43:25 [xform_prim_view.py:141] DEBUG: Using Fabric for the XFormPrimView over '/World/skyLight' on device 'cuda:0'.
2026-09-17 15:43:25 [articulation.py:1569] INFO: Articulation initialized at: /World/envs/env_.*/Robot with root '/World/envs/env_.*/Robot/torso_link'.
2026-09-17 15:43:25 [articulation.py:1570] INFO: Is fixed root: False
2026-09-17 15:43:25 [articulation.py:1571] INFO: Number of bodies: 30
2026-09-17 15:43:25 [articulation.py:1572] INFO: Body names: ['torso_link', 'left_shoulder_pitch_link', 'right_shoulder_pitch_link', 'waist_roll_link', 'left_shoulder_roll_link', 'right_shoulder_roll_link', 'waist_yaw_link', 'left_shoulder_yaw_link', 'right_shoulder_yaw_link', 'pelvis', 'left_elbow_link', 'right_elbow_link', 'left_hip_pitch_link', 'right_hip_pitch_link', 'left_wrist_roll_link', 'right_wrist_roll_link', 'left_hip_roll_link', 'right_hip_roll_link', 'left_wrist_pitch_link', 'right_wrist_pitch_link', 'left_hip_yaw_link', 'right_hip_yaw_link', 'left_wrist_yaw_link', 'right_wrist_yaw_link', 'left_knee_link', 'right_knee_link', 'left_ankle_pitch_link', 'right_ankle_pitch_link', 'left_ankle_roll_link', 'right_ankle_roll_link']
2026-09-17 15:43:25 [articulation.py:1573] INFO: Number of joints: 29
2026-09-17 15:43:25 [articulation.py:1574] INFO: Joint names: ['left_shoulder_pitch_joint', 'right_shoulder_pitch_joint', 'waist_pitch_joint', 'left_shoulder_roll_joint', 'right_shoulder_roll_joint', 'waist_roll_joint', 'left_shoulder_yaw_joint', 'right_shoulder_yaw_joint', 'waist_yaw_joint', 'left_elbow_joint', 'right_elbow_joint', 'left_hip_pitch_joint', 'right_hip_pitch_joint', 'left_wrist_roll_joint', 'right_wrist_roll_joint', 'left_hip_roll_joint', 'right_hip_roll_joint', 'left_wrist_pitch_joint', 'right_wrist_pitch_joint', 'left_hip_yaw_joint', 'right_hip_yaw_joint', 'left_wrist_yaw_joint', 'right_wrist_yaw_joint', 'left_knee_joint', 'right_knee_joint', 'left_ankle_pitch_joint', 'right_ankle_pitch_joint', 'left_ankle_roll_joint', 'right_ankle_roll_joint']
2026-09-17 15:43:25 [articulation.py:1575] INFO: Number of fixed tendons: 0
2026-09-17 15:43:25 [articulation.py:1753] INFO: Actuator collection: legs with model 'ImplicitActuator' (type: implicit) and joint names: ['left_hip_pitch_joint', 'right_hip_pitch_joint', 'left_hip_roll_joint', 'right_hip_roll_joint', 'left_hip_yaw_joint', 'right_hip_yaw_joint', 'left_knee_joint', 'right_knee_joint'] [tensor([11, 12, 15, 16, 19, 20, 23, 24], device='cuda:0')].
2026-09-17 15:43:25 [articulation.py:1753] INFO: Actuator collection: feet with model 'ImplicitActuator' (type: implicit) and joint names: ['left_ankle_pitch_joint', 'right_ankle_pitch_joint', 'left_ankle_roll_joint', 'right_ankle_roll_joint'] [tensor([25, 26, 27, 28], device='cuda:0')].
2026-09-17 15:43:25 [articulation.py:1753] INFO: Actuator collection: waist with model 'ImplicitActuator' (type: implicit) and joint names: ['waist_pitch_joint', 'waist_roll_joint'] [tensor([2, 5], device='cuda:0')].
2026-09-17 15:43:25 [articulation.py:1753] INFO: Actuator collection: waist_yaw with model 'ImplicitActuator' (type: implicit) and joint names: ['waist_yaw_joint'] [tensor([8], device='cuda:0')].
2026-09-17 15:43:25 [articulation.py:1753] INFO: Actuator collection: arms with model 'ImplicitActuator' (type: implicit) and joint names: ['left_shoulder_pitch_joint', 'right_shoulder_pitch_joint', 'left_shoulder_roll_joint', 'right_shoulder_roll_joint', 'left_shoulder_yaw_joint', 'right_shoulder_yaw_joint', 'left_elbow_joint', 'right_elbow_joint', 'left_wrist_roll_joint', 'right_wrist_roll_joint', 'left_wrist_pitch_joint', 'right_wrist_pitch_joint', 'left_wrist_yaw_joint', 'right_wrist_yaw_joint'] [tensor([ 0,  1,  3,  4,  6,  7,  9, 10, 13, 14, 17, 18, 21, 22],
       device='cuda:0')].
2026-09-17 15:43:25 [articulation.py:2028] INFO: Simulation parameters for joints in /World/envs/env_.*/Robot:
+---------------------------------------------------------------------------------------------------------------------------------------------------------------------------------+
|                                                        Simulation Joint Information (Prim path: /World/envs/env_.*/Robot)                                                       |
+-------+----------------------------+-----------+---------+----------+-----------------+------------------+------------------+-----------------+-----------------+---------------+
| Index | Name                       | Stiffness | Damping | Armature | Static Friction | Dynamic Friction | Viscous Friction | Position Limits | Velocity Limits | Effort Limits |
+-------+----------------------------+-----------+---------+----------+-----------------+------------------+------------------+-----------------+-----------------+---------------+
|   0   | left_shoulder_pitch_joint  |   14.251  |  0.907  |  0.004   |      0.000      |      0.000       |      0.000       | [-3.089, 2.670] |      37.000     |     25.000    |
|   1   | right_shoulder_pitch_joint |   14.251  |  0.907  |  0.004   |      0.000      |      0.000       |      0.000       | [-3.089, 2.670] |      37.000     |     25.000    |
|   2   | waist_pitch_joint          |   28.501  |  1.814  |  0.007   |      0.000      |      0.000       |      0.000       | [-0.520, 0.520] |      37.000     |     50.000    |
|   3   | left_shoulder_roll_joint   |   14.251  |  0.907  |  0.004   |      0.000      |      0.000       |      0.000       | [-1.588, 2.251] |      37.000     |     25.000    |
|   4   | right_shoulder_roll_joint  |   14.251  |  0.907  |  0.004   |      0.000      |      0.000       |      0.000       | [-2.251, 1.588] |      37.000     |     25.000    |
|   5   | waist_roll_joint           |   28.501  |  1.814  |  0.007   |      0.000      |      0.000       |      0.000       | [-0.520, 0.520] |      37.000     |     50.000    |
|   6   | left_shoulder_yaw_joint    |   14.251  |  0.907  |  0.004   |      0.000      |      0.000       |      0.000       | [-2.618, 2.618] |      37.000     |     25.000    |
|   7   | right_shoulder_yaw_joint   |   14.251  |  0.907  |  0.004   |      0.000      |      0.000       |      0.000       | [-2.618, 2.618] |      37.000     |     25.000    |
|   8   | waist_yaw_joint            |   40.179  |  2.558  |  0.010   |      0.000      |      0.000       |      0.000       | [-2.618, 2.618] |      32.000     |     88.000    |
|   9   | left_elbow_joint           |   14.251  |  0.907  |  0.004   |      0.000      |      0.000       |      0.000       | [-1.047, 2.094] |      37.000     |     25.000    |
|   10  | right_elbow_joint          |   14.251  |  0.907  |  0.004   |      0.000      |      0.000       |      0.000       | [-1.047, 2.094] |      37.000     |     25.000    |
|   11  | left_hip_pitch_joint       |   40.179  |  2.558  |  0.010   |      0.000      |      0.000       |      0.000       | [-2.531, 2.880] |      32.000     |     88.000    |
|   12  | right_hip_pitch_joint      |   40.179  |  2.558  |  0.010   |      0.000      |      0.000       |      0.000       | [-2.531, 2.880] |      32.000     |     88.000    |
|   13  | left_wrist_roll_joint      |   14.251  |  0.907  |  0.004   |      0.000      |      0.000       |      0.000       | [-1.972, 1.972] |      37.000     |     25.000    |
|   14  | right_wrist_roll_joint     |   14.251  |  0.907  |  0.004   |      0.000      |      0.000       |      0.000       | [-1.972, 1.972] |      37.000     |     25.000    |
|   15  | left_hip_roll_joint        |   99.098  |  6.309  |  0.025   |      0.000      |      0.000       |      0.000       | [-0.524, 2.967] |      20.000     |    139.000    |
|   16  | right_hip_roll_joint       |   99.098  |  6.309  |  0.025   |      0.000      |      0.000       |      0.000       | [-2.967, 0.524] |      20.000     |    139.000    |
|   17  | left_wrist_pitch_joint     |   16.778  |  1.068  |  0.004   |      0.000      |      0.000       |      0.000       | [-1.614, 1.614] |      22.000     |     5.000     |
|   18  | right_wrist_pitch_joint    |   16.778  |  1.068  |  0.004   |      0.000      |      0.000       |      0.000       | [-1.614, 1.614] |      22.000     |     5.000     |
|   19  | left_hip_yaw_joint         |   40.179  |  2.558  |  0.010   |      0.000      |      0.000       |      0.000       | [-2.758, 2.758] |      32.000     |     88.000    |
|   20  | right_hip_yaw_joint        |   40.179  |  2.558  |  0.010   |      0.000      |      0.000       |      0.000       | [-2.758, 2.758] |      32.000     |     88.000    |
|   21  | left_wrist_yaw_joint       |   16.778  |  1.068  |  0.004   |      0.000      |      0.000       |      0.000       | [-1.614, 1.614] |      22.000     |     5.000     |
|   22  | right_wrist_yaw_joint      |   16.778  |  1.068  |  0.004   |      0.000      |      0.000       |      0.000       | [-1.614, 1.614] |      22.000     |     5.000     |
|   23  | left_knee_joint            |   99.098  |  6.309  |  0.025   |      0.000      |      0.000       |      0.000       | [-0.087, 2.880] |      20.000     |    139.000    |
|   24  | right_knee_joint           |   99.098  |  6.309  |  0.025   |      0.000      |      0.000       |      0.000       | [-0.087, 2.880] |      20.000     |    139.000    |
|   25  | left_ankle_pitch_joint     |   28.501  |  1.814  |  0.007   |      0.000      |      0.000       |      0.000       | [-0.873, 0.524] |      37.000     |     50.000    |
|   26  | right_ankle_pitch_joint    |   28.501  |  1.814  |  0.007   |      0.000      |      0.000       |      0.000       | [-0.873, 0.524] |      37.000     |     50.000    |
|   27  | left_ankle_roll_joint      |   28.501  |  1.814  |  0.007   |      0.000      |      0.000       |      0.000       | [-0.262, 0.262] |      37.000     |     50.000    |
|   28  | right_ankle_roll_joint     |   28.501  |  1.814  |  0.007   |      0.000      |      0.000       |      0.000       | [-0.262, 0.262] |      37.000     |     50.000    |
+-------+----------------------------+-----------+---------+----------+-----------------+------------------+------------------+-----------------+-----------------+---------------+
2026-09-17 15:43:25 [manager_base.py:411] INFO: [EventTermCfg:physics_material] Found entity 'robot'.
	Joint names: None [slice(None, None, None)]
	Body names: ['.*'] [[0, 1, 2, 3, 4, 5, 6, 7, 8, 9, 10, 11, 12, 13, 14, 15, 16, 17, 18, 19, 20, 21, 22, 23, 24, 25, 26, 27, 28, 29]]
2026-09-17 15:43:25 [manager_base.py:417] INFO: Initializing term 'physics_material' with class 'randomize_rigid_body_material'.
2026-09-17 15:43:25 [manager_base.py:411] INFO: [EventTermCfg:add_base_mass] Found entity 'robot'.
	Joint names: None [slice(None, None, None)]
	Body names: ['torso_link'] [[0]]
2026-09-17 15:43:25 [manager_base.py:417] INFO: Initializing term 'add_base_mass' with class 'randomize_rigid_body_mass'.
2026-09-17 15:43:25 [manager_base.py:411] INFO: [EventTermCfg:base_external_force_torque] Found entity 'robot'.
	Joint names: None [slice(None, None, None)]
	Body names: ['torso_link'] [[0]]
2026-09-17 15:43:26 [joint_actions.py:70] INFO: Resolved joint names for the action term JointPositionAction: ['left_shoulder_pitch_joint', 'right_shoulder_pitch_joint', 'waist_pitch_joint', 'left_shoulder_roll_joint', 'right_shoulder_roll_joint', 'waist_roll_joint', 'left_shoulder_yaw_joint', 'right_shoulder_yaw_joint', 'waist_yaw_joint', 'left_elbow_joint', 'right_elbow_joint', 'left_hip_pitch_joint', 'right_hip_pitch_joint', 'left_wrist_roll_joint', 'right_wrist_roll_joint', 'left_hip_roll_joint', 'right_hip_roll_joint', 'left_wrist_pitch_joint', 'right_wrist_pitch_joint', 'left_hip_yaw_joint', 'right_hip_yaw_joint', 'left_wrist_yaw_joint', 'right_wrist_yaw_joint', 'left_knee_joint', 'right_knee_joint', 'left_ankle_pitch_joint', 'right_ankle_pitch_joint', 'left_ankle_roll_joint', 'right_ankle_roll_joint'] [[0, 1, 2, 3, 4, 5, 6, 7, 8, 9, 10, 11, 12, 13, 14, 15, 16, 17, 18, 19, 20, 21, 22, 23, 24, 25, 26, 27, 28]]
2026-09-17 15:43:26 [manager_base.py:411] INFO: [TerminationTermCfg:base_contact] Found entity 'contact_forces'.
	Joint names: None [slice(None, None, None)]
	Body names: ['torso_link', '.*_shoulder_.*', '.*_elbow_.*', '.*_wrist_.*', '.*_hip_.*', '.*_knee_.*'] [[0, 1, 2, 3, 4, 5, 6, 7, 8, 9, 10, 11, 12, 13, 14, 18, 19, 20, 21, 24, 25, 26, 27]]
2026-09-17 15:43:26 [manager_base.py:411] INFO: [RewardTermCfg:feet_air_time] Found entity 'contact_forces'.
	Joint names: None [slice(None, None, None)]
	Body names: ['.*_ankle_roll_link'] [[23, 29]]
2026-09-17 15:43:26 [manager_base.py:411] INFO: [RewardTermCfg:feet_slide] Found entity 'contact_forces'.
	Joint names: None [slice(None, None, None)]
	Body names: ['.*_ankle_roll_link'] [[23, 29]]
2026-09-17 15:43:26 [manager_base.py:411] INFO: [RewardTermCfg:feet_slide] Found entity 'robot'.
	Joint names: None [slice(None, None, None)]
	Body names: ['.*_ankle_roll_link'] [[28, 29]]
2026-09-17 15:43:26 [manager_base.py:411] INFO: [RewardTermCfg:dof_pos_limits] Found entity 'robot'.
	Joint names: ['.*_ankle_pitch_joint', '.*_ankle_roll_joint'] [[25, 26, 27, 28]]
	Body names: None [slice(None, None, None)]
2026-09-17 15:43:26 [manager_base.py:411] INFO: [RewardTermCfg:joint_deviation_hip] Found entity 'robot'.
	Joint names: ['.*_hip_yaw_joint', '.*_hip_roll_joint'] [[15, 16, 19, 20]]
	Body names: None [slice(None, None, None)]
2026-09-17 15:43:26 [manager_base.py:411] INFO: [RewardTermCfg:joint_deviation_arms] Found entity 'robot'.
	Joint names: ['.*_shoulder_pitch_joint', '.*_shoulder_roll_joint', '.*_shoulder_yaw_joint', '.*_elbow_joint', '.*_wrist_roll_joint', '.*_wrist_pitch_joint', '.*_wrist_yaw_joint'] [[0, 1, 3, 4, 6, 7, 9, 10, 13, 14, 17, 18, 21, 22]]
	Body names: None [slice(None, None, None)]
2026-09-17 15:43:26 [manager_base.py:411] INFO: [RewardTermCfg:joint_deviation_torso] Found entity 'robot'.
	Joint names: ['waist_.*'] [[2, 5, 8]]
	Body names: None [slice(None, None, None)]
2026-09-17 15:43:26 [manager_base.py:411] INFO: [RewardTermCfg:joint_deviation_knee] Found entity 'robot'.
	Joint names: ['.*_knee_joint'] [[23, 24]]
	Body names: None [slice(None, None, None)]
2026-09-17 15:43:26 [manager_base.py:411] INFO: [RewardTermCfg:dof_acc_l2] Found entity 'robot'.
	Joint names: ['.*_hip_.*', '.*_knee_joint'] [[11, 12, 15, 16, 19, 20, 23, 24]]
	Body names: None [slice(None, None, None)]
2026-09-17 15:43:26 [manager_base.py:411] INFO: [RewardTermCfg:dof_torques_l2] Found entity 'robot'.
	Joint names: ['.*_hip_.*', '.*_knee_joint'] [[11, 12, 15, 16, 19, 20, 23, 24]]
	Body names: None [slice(None, None, None)]
