/home/xiexuhui/miniconda3/envs/instinctlab/bin/python -B -u scripts/instinct_rl/train.py --task Instinct-Locomotion-Flat-G1-v0 --num_envs 64 --seed 42 --max_iterations 200 --headless --device cuda:0 --logroot /home/xiexuhui/InstinctLab/logs/e1-flat-pilot/pilot_20260922_110715_nsfqypgl/train --run_name E1_flat_pilot_s42 --e1_audit
[INFO][AppLauncher]: Using device: cuda:0
[INFO][AppLauncher]: Loading experience file: /home/xiexuhui/IsaacLab-Instinct/apps/isaaclab.python.headless.kit
Loading user config located at: '/home/xiexuhui/miniconda3/envs/instinctlab/lib/python3.11/site-packages/isaacsim/kit/data/Kit/Isaac-Sim/5.1/user.config.json'
[Info] [carb] Logging to file: /home/xiexuhui/miniconda3/envs/instinctlab/lib/python3.11/site-packages/isaacsim/kit/logs/Kit/Isaac-Sim/5.1/kit_20260922_110717.log
2026-09-22T03:07:17Z [79ms] [Warning] [omni.usd_config.extension] Enable omni.materialx.libs extension to use MaterialX
2026-09-22T03:07:17Z [495ms] [Warning] [carb] Acquiring non optional plugin interface which is not listed as dependency: [omni::physx::IPhysxBenchmarks v1.0] (plugin: <default plugin>), by client: omni.physics.physx.plugin. Add it to CARB_PLUGIN_IMPL_DEPS() macro of a client.
2026-09-22T03:07:17Z [503ms] [Warning] [omni.isaac.dynamic_control] omni.isaac.dynamic_control is deprecated as of Isaac Sim 4.5. No action is needed from end-users.
2026-09-22T03:07:20Z [3,247ms] [Warning] [gpu.foundation.plugin] Skipping unsupported non-NVIDIA GPU: Intel(R) Graphics (ARL)
2026-09-22T03:07:20Z [3,247ms] [Warning] [gpu.foundation.plugin] Skipping unsupported non-NVIDIA GPU: Intel(R) Graphics (ARL)

|---------------------------------------------------------------------------------------------|
| Driver Version: 580.173.02    | Graphics API: Vulkan
|=============================================================================================|
| GPU | Name                             | Active | LDA | GPU Memory | Vendor-ID | LUID       |
|     |                                  |        |     |            | Device-ID | UUID       |
|     |                                  |        |     |            | Bus-ID    |            |
|---------------------------------------------------------------------------------------------|
| 0   | NVIDIA GeForce RTX 5070 Laptop.. | Yes: 0 |     | 8151    MB | 10de      | 0          |
|     |                                  |        |     |            | 2d58      | e21cdd6c.. |
|     |                                  |        |     |            | 2         |            |
|---------------------------------------------------------------------------------------------|
| 1   | Intel(R) Graphics (ARL)          |        |     | 23633   MB | 8086      | 0          |
|     |                                  |        |     |            | 7d67      | 8680677d.. |
|     |                                  |        |     |            | 0         |            |
|=============================================================================================|
| OS: 24.04.3 LTS (Noble Numbat) ubuntu, Version: 24.04.3, Kernel: 7.0.0-30-generic
| XServer Vendor: The X.Org Foundation, XServer Version: 12101011 (1.21.1.11)
| Processor: Intel(R) Core(TM) Ultra 9 275HX
| Cores: 24 | Logical Cores: 24
|---------------------------------------------------------------------------------------------|
| Total Memory (MB): 31511 | Free Memory: 21681
| Total Page/Swap (MB): 15624 | Free Page/Swap: 15624
|---------------------------------------------------------------------------------------------|
2026-09-22T03:07:20Z [3,538ms] [Warning] [gpu.foundation.plugin] CPU performance profile is set to powersave. This profile sets the CPU to the lowest frequency reducing performance.
2026-09-22T03:07:20Z [3,548ms] [Warning] [gpu.foundation.plugin] PCIe link width current (8) and maximum (16) for device 0 don't match.
2026-09-22T03:07:20Z [3,548ms] [Warning] [gpu.foundation.plugin] IOMMU is enabled.
2026-09-22T03:07:20Z [3,548ms] [Warning] [gpu.foundation.plugin] Detected IOMMU is enabled. Running CUDA peer-to-peer bandwidth and latency validation.
Unidirectional P2P=Enabled Bandwidth (P2P Writes) Matrix (GB/s)
   D\D     0 
     0 262.78 
P2P=Enabled Latency (P2P Writes) Matrix (us)
   GPU     0 
     0   2.07 

   CPU     0 
     0   2.24 
Failed to import RslRlVecEnvWrapper, ignoring...
[INFO]: Parsing configuration from: <class 'instinctlab.tasks.locomotion.config.g1.flat_env_cfg.G1FlatEnvCfg'>
[INFO]: Parsing configuration from: instinctlab.tasks.locomotion.config.g1.agents.instinct_rl_ppo_cfg:G1FlatPPORunnerCfg
[INFO] Logging experiment in directory: /home/xiexuhui/InstinctLab/logs/e1-flat-pilot/pilot_20260922_110715_nsfqypgl/train

[36m======================================================================================[0m
[36m[1m[INFO][IsaacLab]: Logging to file: /tmp/isaaclab/logs/isaaclab_2026-09-22_11-07-23.log[0m
[36m======================================================================================[0m

[33m11:07:23 [simulation_context.py] WARNING: The `enable_external_forces_every_iteration` parameter in the PhysxCfg is set to False. If you are experiencing noisy velocities, consider enabling this flag. You may need to slightly increase the number of velocity iterations (setting it to 1 or 2 rather than 0), together with this flag, to improve the accuracy of velocity updates.[0m
[INFO]: Base environment:
	Environment device    : cuda:0
	Environment seed      : 42
	Physics step-size     : 0.005
	Rendering step-size   : 0.02
	Environment step-size : 0.02
2026-09-22T03:07:26Z [9,501ms] [Warning] [gpu.foundation.plugin] Skipping unsupported non-NVIDIA GPU: Intel(R) Graphics (ARL)
2026-09-22T03:07:26Z [9,501ms] [Warning] [gpu.foundation.plugin] Skipping unsupported non-NVIDIA GPU: Intel(R) Graphics (ARL)

|---------------------------------------------------------------------------------------------|
| Driver Version: 580.173.02    | Graphics API: Vulkan
|=============================================================================================|
| GPU | Name                             | Active | LDA | GPU Memory | Vendor-ID | LUID       |
|     |                                  |        |     |            | Device-ID | UUID       |
|     |                                  |        |     |            | Bus-ID    |            |
|---------------------------------------------------------------------------------------------|
| 0   | NVIDIA GeForce RTX 5070 Laptop.. | Yes: 0 |     | 8151    MB | 10de      | 0          |
|     |                                  |        |     |            | 2d58      | e21cdd6c.. |
|     |                                  |        |     |            | 2         |            |
|---------------------------------------------------------------------------------------------|
| 1   | Intel(R) Graphics (ARL)          |        |     | 23633   MB | 8086      | 0          |
|     |                                  |        |     |            | 7d67      | 8680677d.. |
|     |                                  |        |     |            | 0         |            |
|=============================================================================================|
| OS: 24.04.3 LTS (Noble Numbat) ubuntu, Version: 24.04.3, Kernel: 7.0.0-30-generic
| XServer Vendor: The X.Org Foundation, XServer Version: 12101011 (1.21.1.11)
| Processor: Intel(R) Core(TM) Ultra 9 275HX
| Cores: 24 | Logical Cores: 24
|---------------------------------------------------------------------------------------------|
| Total Memory (MB): 31511 | Free Memory: 21202
| Total Page/Swap (MB): 15624 | Free Page/Swap: 15624
|---------------------------------------------------------------------------------------------|
2026-09-22T03:07:27Z [9,899ms] [Warning] [gpu.foundation.plugin] CPU performance profile is set to powersave. This profile sets the CPU to the lowest frequency reducing performance.
2026-09-22T03:07:27Z [9,900ms] [Warning] [gpu.foundation.plugin] PCIe link width current (8) and maximum (16) for device 0 don't match.
Unidirectional P2P=Enabled Bandwidth (P2P Writes) Matrix (GB/s)
   D\D     0 
     0 240.61 
P2P=Enabled Latency (P2P Writes) Matrix (us)
   GPU     0 
     0   2.09 

   CPU     0 
     0   1.84 
2026-09-22T03:07:27Z [9,911ms] [Warning] [gpu.foundation.plugin] IOMMU is enabled.
2026-09-22T03:07:27Z [9,911ms] [Warning] [gpu.foundation.plugin] Detected IOMMU is enabled. Running CUDA peer-to-peer bandwidth and latency validation.
Unidirectional P2P=Enabled Bandwidth (P2P Writes) Matrix (GB/s)
   D\D     0 
     0 240.51 
P2P=Enabled Latency (P2P Writes) Matrix (us)
   GPU     0 
     0   2.07 

   CPU     0 
     0   2.38 
2026-09-22T03:07:28Z [10,772ms] [Warning] [omni.graph.visualization.nodes._impl.extension] No Viewport Window to add omni.graph.visualization.nodes-2.1.3 scene to
2026-09-22T03:07:28Z [10,825ms] [Warning] [isaacsim.asset.importer.urdf] DEPRECATION WARNING: Merging bodies with inertia is deprecated. This will be removed in a future release.
2026-09-22T03:07:28Z [10,825ms] [Warning] [isaacsim.asset.importer.urdf] link head_link has body properties (mass, inertia, or collisions) and is being merged into torso_link
2026-09-22T03:07:28Z [10,825ms] [Warning] [isaacsim.asset.importer.urdf] DEPRECATION WARNING: Merging bodies with inertia is deprecated. This will be removed in a future release.
2026-09-22T03:07:28Z [10,825ms] [Warning] [isaacsim.asset.importer.urdf] link imu_in_torso has body properties (mass, inertia, or collisions) and is being merged into torso_link
2026-09-22T03:07:28Z [10,825ms] [Warning] [isaacsim.asset.importer.urdf] DEPRECATION WARNING: Merging bodies with inertia is deprecated. This will be removed in a future release.
2026-09-22T03:07:28Z [10,825ms] [Warning] [isaacsim.asset.importer.urdf] link left_rubber_hand has body properties (mass, inertia, or collisions) and is being merged into left_wrist_yaw_link
2026-09-22T03:07:28Z [10,825ms] [Warning] [isaacsim.asset.importer.urdf] DEPRECATION WARNING: Merging bodies with inertia is deprecated. This will be removed in a future release.
2026-09-22T03:07:28Z [10,825ms] [Warning] [isaacsim.asset.importer.urdf] link logo_link has body properties (mass, inertia, or collisions) and is being merged into torso_link
2026-09-22T03:07:28Z [10,825ms] [Warning] [isaacsim.asset.importer.urdf] DEPRECATION WARNING: Merging bodies with inertia is deprecated. This will be removed in a future release.
2026-09-22T03:07:28Z [10,825ms] [Warning] [isaacsim.asset.importer.urdf] link mid360_link has body properties (mass, inertia, or collisions) and is being merged into torso_link
2026-09-22T03:07:28Z [10,825ms] [Warning] [isaacsim.asset.importer.urdf] DEPRECATION WARNING: Merging bodies with inertia is deprecated. This will be removed in a future release.
2026-09-22T03:07:28Z [10,825ms] [Warning] [isaacsim.asset.importer.urdf] link right_rubber_hand has body properties (mass, inertia, or collisions) and is being merged into right_wrist_yaw_link
2026-09-22T03:07:28Z [10,825ms] [Warning] [isaacsim.asset.importer.urdf] DEPRECATION WARNING: Merging bodies with inertia is deprecated. This will be removed in a future release.
2026-09-22T03:07:28Z [10,825ms] [Warning] [isaacsim.asset.importer.urdf] link imu_in_pelvis has body properties (mass, inertia, or collisions) and is being merged into pelvis
2026-09-22T03:07:28Z [10,825ms] [Warning] [isaacsim.asset.importer.urdf] DEPRECATION WARNING: Merging bodies with inertia is deprecated. This will be removed in a future release.
2026-09-22T03:07:28Z [10,825ms] [Warning] [isaacsim.asset.importer.urdf] link LL_FOOT has body properties (mass, inertia, or collisions) and is being merged into left_ankle_roll_link
2026-09-22T03:07:28Z [10,825ms] [Warning] [isaacsim.asset.importer.urdf] DEPRECATION WARNING: Merging bodies with inertia is deprecated. This will be removed in a future release.
2026-09-22T03:07:28Z [10,825ms] [Warning] [isaacsim.asset.importer.urdf] link pelvis_contour_link has body properties (mass, inertia, or collisions) and is being merged into pelvis
2026-09-22T03:07:28Z [10,825ms] [Warning] [isaacsim.asset.importer.urdf] DEPRECATION WARNING: Merging bodies with inertia is deprecated. This will be removed in a future release.
2026-09-22T03:07:28Z [10,825ms] [Warning] [isaacsim.asset.importer.urdf] link LR_FOOT has body properties (mass, inertia, or collisions) and is being merged into right_ankle_roll_link
[INFO]: Time taken for scene creation : 5.681036 seconds
[INFO]: Scene manager:  <class InteractiveScene>
	Number of environments: 64
	Environment spacing   : 2.5
	Source prim name      : /World/envs/env_0
	Global prim paths     : ['/World/ground']
	Replicate physics     : True
[INFO]: Starting the simulation. This may take a few seconds. Please wait...
[INFO]: Time taken for simulation start : 0.688955 seconds
[INFO] Command Manager:  <CommandManager> contains 1 active terms.
+------------------------------------------------+
|              Active Command Terms              |
+-------+---------------+------------------------+
| Index | Name          |          Type          |
+-------+---------------+------------------------+
|   0   | base_velocity | UniformVelocityCommand |
+-------+---------------+------------------------+

[INFO] Event Manager:  <EventManager> contains 3 active terms.
+--------------------------------------+
| Active Event Terms in Mode: 'startup' |
+----------+---------------------------+
|  Index   | Name                      |
+----------+---------------------------+
|    0     | physics_material          |
|    1     | add_base_mass             |
+----------+---------------------------+
+---------------------------------------+
|  Active Event Terms in Mode: 'reset'  |
+--------+------------------------------+
| Index  | Name                         |
+--------+------------------------------+
|   0    | base_external_force_torque   |
|   1    | reset_base                   |
|   2    | reset_robot_joints           |
+--------+------------------------------+
+----------------------------------------------+
|    Active Event Terms in Mode: 'interval'    |
+-------+------------+-------------------------+
| Index | Name       | Interval time range (s) |
+-------+------------+-------------------------+
|   0   | push_robot |       (10.0, 15.0)      |
+-------+------------+-------------------------+

[INFO] Recorder Manager:  <RecorderManager> contains 0 active terms.
+---------------------+
| Active Recorder Terms |
+-----------+---------+
|   Index   | Name    |
+-----------+---------+
+-----------+---------+

[INFO] Action Manager:  <ActionManager> contains 1 active terms.
+------------------------------------+
|  Active Action Terms (shape: 29)   |
+--------+-------------+-------------+
| Index  | Name        |   Dimension |
+--------+-------------+-------------+
|   0    | joint_pos   |          29 |
+--------+-------------+-------------+

[INFO] Observation Manager: <ObservationManager> contains 2 groups.
+---------------------------------------------+
| Active Observation Terms in Group: 'policy' |
+---------+-------------------------+---------+
|  Index  | Name                    |  Shape  |
+---------+-------------------------+---------+
|    0    | base_ang_vel            |   (3,)  |
|    1    | projected_gravity       |   (3,)  |
|    2    | velocity_commands       |   (3,)  |
|    3    | joint_pos               |  (29,)  |
|    4    | joint_vel               |  (29,)  |
|    5    | actions                 |  (29,)  |
+---------+-------------------------+---------+
+---------------------------------------------+
| Active Observation Terms in Group: 'critic' |
+---------+-------------------------+---------+
|  Index  | Name                    |  Shape  |
+---------+-------------------------+---------+
|    0    | base_lin_vel            |   (3,)  |
|    1    | base_ang_vel            |   (3,)  |
|    2    | projected_gravity       |   (3,)  |
|    3    | velocity_commands       |   (3,)  |
|    4    | joint_pos               |  (29,)  |
|    5    | joint_vel               |  (29,)  |
|    6    | actions                 |  (29,)  |
+---------+-------------------------+---------+

[INFO] Termination Manager:  <TerminationManager> contains 2 active terms.
+---------------------------------+
|     Active Termination Terms    |
+-------+--------------+----------+
| Index | Name         | Time Out |
+-------+--------------+----------+
|   0   | time_out     |   True   |
|   1   | base_contact |  False   |
+-------+--------------+----------+

[INFO] Reward Manager:  <RewardManager> contains 16 active terms.
+----------------------------------------+
|          Active Reward Terms           |
+-------+-----------------------+--------+
| Index | Name                  | Weight |
+-------+-----------------------+--------+
|   0   | termination_penalty   | -200.0 |
|   1   | track_lin_vel_xy_exp  |    1.0 |
|   2   | track_ang_vel_z_exp   |    1.0 |
|   3   | feet_air_time         |    1.0 |
|   4   | feet_slide            |   -0.1 |
|   5   | flat_orientation_l2   |   -1.0 |
|   6   | stand_still           |   -0.8 |
|   7   | dof_pos_limits        |   -1.0 |
|   8   | joint_deviation_hip   |   -0.1 |
|   9   | joint_deviation_arms  |   -0.1 |
|   10  | joint_deviation_torso |   -0.1 |
|   11  | joint_deviation_knee  |  -0.05 |
|   12  | lin_vel_z_l2          |   -0.1 |
|   13  | action_rate_l2        |  -0.05 |
|   14  | dof_acc_l2            | -2e-07 |
|   15  | dof_torques_l2        | -4e-06 |
+-------+-----------------------+--------+

[INFO] Curriculum Manager:  <CurriculumManager> contains 0 active terms.
+----------------------+
| Active Curriculum Terms |
+-----------+----------+
|   Index   | Name     |
+-----------+----------+
+-----------+----------+

[INFO] Monitor Manager:  <MonitorManager> contains 0 active groups.
+------------------------+
|  Active Monitor Terms  |
+--------+-------+-------+
| Index  |  Name |  Func |
+--------+-------+-------+
+--------+-------+-------+

[INFO]: Completed setting up the environment...
2026-09-22T03:07:30Z [13,671ms] [Warning] [omni.physx.fabric.plugin] FabricManager::initializePointInstancer mismatched prototypes on point instancer: /Visuals/Command/velocity_current.
2026-09-22T03:07:30Z [13,671ms] [Warning] [omni.physx.fabric.plugin] FabricManager::initializePointInstancer mismatched prototypes on point instancer: /Visuals/Command/velocity_goal.
obs_format to build ActorCritic: {'policy': {'base_ang_vel': (3,), 'projected_gravity': (3,), 'velocity_commands': (3,), 'joint_pos': (29,), 'joint_vel': (29,), 'actions': (29,)}, 'critic': {'base_lin_vel': (3,), 'base_ang_vel': (3,), 'projected_gravity': (3,), 'velocity_commands': (3,), 'joint_pos': (29,), 'joint_vel': (29,), 'actions': (29,)}}
Actor MLP: Sequential(
  (0): Linear(in_features=96, out_features=256, bias=True)
  (1): ELU(alpha=1.0)
  (2): Linear(in_features=256, out_features=128, bias=True)
  (3): ELU(alpha=1.0)
  (4): Linear(in_features=128, out_features=128, bias=True)
  (5): ELU(alpha=1.0)
  (6): Linear(in_features=128, out_features=29, bias=True)
)
Critic MLP: Sequential(
  (0): Linear(in_features=99, out_features=256, bias=True)
  (1): ELU(alpha=1.0)
  (2): Linear(in_features=256, out_features=128, bias=True)
  (3): ELU(alpha=1.0)
  (4): Linear(in_features=128, out_features=128, bias=True)
  (5): ELU(alpha=1.0)
  (6): Linear(in_features=128, out_features=1, bias=True)
)
[INFO]: Initialization done, start learning.
NOTE: you may see a bunch of `NaN or Inf found in input tensor` once and appears in the log. Just ignore it if it does not affect the performance.
Storing git diff for 'instinct_rl' in: /home/xiexuhui/InstinctLab/logs/e1-flat-pilot/pilot_20260922_110715_nsfqypgl/train/20260922_110723_G1Flat_feetAirTime1.00_standStill0.80_actionRate0.05_jointDeviationKnee0.05_E1_flat_pilot_s42/git/instinct_rl_ba45ed2.diff
Storing git diff for 'InstinctLab' in: /home/xiexuhui/InstinctLab/logs/e1-flat-pilot/pilot_20260922_110715_nsfqypgl/train/20260922_110723_G1Flat_feetAirTime1.00_standStill0.80_actionRate0.05_jointDeviationKnee0.05_E1_flat_pilot_s42/git/InstinctLab_ba28d3d.diff
################################################################################
                       [1m Learning iteration 0/200 [0m                       

                       Computation: 681 steps/s (collection: 2.038s, learning 0.217s)
                     surrogate_loss -0.0822
                         value_loss 6.2195
                            entropy -41.1615
                         total_loss 5.8080
             Mean action noise std: 1.00
                       Mean reward: -4.63
               Mean episode length: 10.00
Mean episode Episode_Reward/termination_penalty: -0.1833
Mean episode Episode_Reward/track_lin_vel_xy_exp: 0.0026
Mean episode Episode_Reward/track_ang_vel_z_exp: 0.0014
Mean episode Episode_Reward/feet_air_time: 0.0000
Mean episode Episode_Reward/feet_slide: -0.0005
Mean episode Episode_Reward/flat_orientation_l2: -0.0004
Mean episode Episode_Reward/stand_still: -0.0035
Mean episode Episode_Reward/dof_pos_limits: -0.0000
Mean episode Episode_Reward/joint_deviation_hip: -0.0003
Mean episode Episode_Reward/joint_deviation_arms: -0.0010
Mean episode Episode_Reward/joint_deviation_torso: -0.0003
Mean episode Episode_Reward/joint_deviation_knee: -0.0001
Mean episode Episode_Reward/lin_vel_z_l2: -0.0001
Mean episode Episode_Reward/action_rate_l2: -0.0241
Mean episode Episode_Reward/dof_acc_l2: -0.0003
Mean episode Episode_Reward/dof_torques_l2: -0.0001
Mean episode Metrics/base_velocity/error_vel_xy: 0.0111
Mean episode Metrics/base_velocity/error_vel_yaw: 0.0347
Mean episode Episode_Termination/time_out: 0.0000
Mean episode Episode_Termination/base_contact: 0.5417
--------------------------------------------------------------------------------
                   Total timesteps: 1536
                    Iteration time: 2.26s
                        Total time: 2.26s
                               ETA: 451.1s

[E1 AUDIT] 10/200 updates finite; {'base_velocity_error': 0.7451529825727145, 'velocity_tracking': 0.26416756336887676, 'forward_velocity': 0.20020209066569805, 'speed_xy': 0.6831935321291288, 'terminated': 0.048177083333333336, 'truncated': 0.0, 'timeout': 0.0, 'base_contact': 0.048177083333333336, 'mean_step_reward': -0.2629323235402505, 'mean_episode_return_last100': -5.42724723815918, 'action_standard_deviation': 0.9968922734260559, 'learning_rate': 1.5000000000000005e-05, 'transitions_per_second': 1799.9049888594648}
################################################################################
                      [1m Learning iteration 10/200 [0m                       

                       Computation: 1760 steps/s (collection: 0.781s, learning 0.091s)
                     surrogate_loss -0.0520
                         value_loss 0.1722
                            entropy -41.0513
                         total_loss -0.2083
             Mean action noise std: 1.00
                       Mean reward: -5.49
               Mean episode length: 21.62
Mean episode Episode_Reward/termination_penalty: -0.2000
Mean episode Episode_Reward/track_lin_vel_xy_exp: 0.0060
Mean episode Episode_Reward/track_ang_vel_z_exp: 0.0031
Mean episode Episode_Reward/feet_air_time: 0.0001
Mean episode Episode_Reward/feet_slide: -0.0015
Mean episode Episode_Reward/flat_orientation_l2: -0.0025
Mean episode Episode_Reward/stand_still: -0.0157
Mean episode Episode_Reward/dof_pos_limits: -0.0003
Mean episode Episode_Reward/joint_deviation_hip: -0.0011
Mean episode Episode_Reward/joint_deviation_arms: -0.0029
Mean episode Episode_Reward/joint_deviation_torso: -0.0011
Mean episode Episode_Reward/joint_deviation_knee: -0.0004
Mean episode Episode_Reward/lin_vel_z_l2: -0.0003
Mean episode Episode_Reward/action_rate_l2: -0.0610
Mean episode Episode_Reward/dof_acc_l2: -0.0006
Mean episode Episode_Reward/dof_torques_l2: -0.0003
Mean episode Metrics/base_velocity/error_vel_xy: 0.0315
Mean episode Metrics/base_velocity/error_vel_yaw: 0.0937
Mean episode Episode_Termination/time_out: 0.0000
Mean episode Episode_Termination/base_contact: 1.0000
--------------------------------------------------------------------------------
                   Total timesteps: 3072
                    Iteration time: 0.87s
                        Total time: 11.28s
                               ETA: 194.8s

[E1 AUDIT] 20/200 updates finite; {'base_velocity_error': 0.6461634784936905, 'velocity_tracking': 0.30065282185872394, 'forward_velocity': 0.12938931910321116, 'speed_xy': 0.48251475766301155, 'terminated': 0.09049479166666667, 'truncated': 0.0, 'timeout': 0.0, 'base_contact': 0.09049479166666667, 'mean_step_reward': -0.42300417833030224, 'mean_episode_return_last100': -4.641337742805481, 'action_standard_deviation': 0.9912633299827576, 'learning_rate': 1.5000000000000005e-05, 'transitions_per_second': 1684.0484366242035}
################################################################################
                      [1m Learning iteration 20/200 [0m                       

                       Computation: 1724 steps/s (collection: 0.778s, learning 0.113s)
                     surrogate_loss -0.0538
                         value_loss 0.0480
                            entropy -40.8717
                         total_loss -0.3328
             Mean action noise std: 0.99
                       Mean reward: -4.67
               Mean episode length: 9.94
Mean episode Episode_Reward/termination_penalty: -0.2000
Mean episode Episode_Reward/track_lin_vel_xy_exp: 0.0034
Mean episode Episode_Reward/track_ang_vel_z_exp: 0.0011
Mean episode Episode_Reward/feet_air_time: 0.0001
Mean episode Episode_Reward/feet_slide: -0.0007
Mean episode Episode_Reward/flat_orientation_l2: -0.0004
Mean episode Episode_Reward/stand_still: -0.0055
Mean episode Episode_Reward/dof_pos_limits: -0.0001
Mean episode Episode_Reward/joint_deviation_hip: -0.0005
Mean episode Episode_Reward/joint_deviation_arms: -0.0013
Mean episode Episode_Reward/joint_deviation_torso: -0.0004
Mean episode Episode_Reward/joint_deviation_knee: -0.0002
Mean episode Episode_Reward/lin_vel_z_l2: -0.0001
Mean episode Episode_Reward/action_rate_l2: -0.0293
Mean episode Episode_Reward/dof_acc_l2: -0.0003
Mean episode Episode_Reward/dof_torques_l2: -0.0001
Mean episode Metrics/base_velocity/error_vel_xy: 0.0133
Mean episode Metrics/base_velocity/error_vel_yaw: 0.0503
Mean episode Episode_Termination/time_out: 0.0000
Mean episode Episode_Termination/base_contact: 1.0000
--------------------------------------------------------------------------------
                   Total timesteps: 4608
                    Iteration time: 0.89s
                        Total time: 19.94s
                               ETA: 170.9s

[E1 AUDIT] 30/200 updates finite; {'base_velocity_error': 0.634165346622467, 'velocity_tracking': 0.33445818970600766, 'forward_velocity': 0.052005343372002244, 'speed_xy': 0.42778810982902843, 'terminated': 0.158203125, 'truncated': 0.0, 'timeout': 0.0, 'base_contact': 0.158203125, 'mean_step_reward': -0.6885625620683035, 'mean_episode_return_last100': -4.357454934120178, 'action_standard_deviation': 0.9813830256462097, 'learning_rate': 1e-05, 'transitions_per_second': 1671.1443179825737}
################################################################################
                      [1m Learning iteration 30/200 [0m                       

                       Computation: 1703 steps/s (collection: 0.798s, learning 0.104s)
                     surrogate_loss -0.0404
                         value_loss 0.0176
                            entropy -40.5916
                         total_loss -0.3475
             Mean action noise std: 0.98
                       Mean reward: -4.37
               Mean episode length: 6.30
Mean episode Episode_Reward/termination_penalty: -0.2000
Mean episode Episode_Reward/track_lin_vel_xy_exp: 0.0020
Mean episode Episode_Reward/track_ang_vel_z_exp: 0.0007
Mean episode Episode_Reward/feet_air_time: 0.0000
Mean episode Episode_Reward/feet_slide: -0.0004
Mean episode Episode_Reward/flat_orientation_l2: -0.0001
Mean episode Episode_Reward/stand_still: -0.0031
Mean episode Episode_Reward/dof_pos_limits: -0.0000
Mean episode Episode_Reward/joint_deviation_hip: -0.0002
Mean episode Episode_Reward/joint_deviation_arms: -0.0007
Mean episode Episode_Reward/joint_deviation_torso: -0.0002
Mean episode Episode_Reward/joint_deviation_knee: -0.0001
Mean episode Episode_Reward/lin_vel_z_l2: -0.0001
Mean episode Episode_Reward/action_rate_l2: -0.0165
Mean episode Episode_Reward/dof_acc_l2: -0.0002
Mean episode Episode_Reward/dof_torques_l2: -0.0001
Mean episode Metrics/base_velocity/error_vel_xy: 0.0078
Mean episode Metrics/base_velocity/error_vel_yaw: 0.0273
Mean episode Episode_Termination/time_out: 0.0000
Mean episode Episode_Termination/base_contact: 1.0000
--------------------------------------------------------------------------------
                   Total timesteps: 6144
                    Iteration time: 0.90s
                        Total time: 28.89s
                               ETA: 158.4s

[E1 AUDIT] 40/200 updates finite; {'base_velocity_error': 0.5890787069996198, 'velocity_tracking': 0.3673512600362301, 'forward_velocity': 0.010628145343313614, 'speed_xy': 0.4107394938667615, 'terminated': 0.21354166666666666, 'truncated': 0.0, 'timeout': 0.0, 'base_contact': 0.21354166666666666, 'mean_step_reward': -0.9083491861820221, 'mean_episode_return_last100': -4.242053070068359, 'action_standard_deviation': 0.9705676436424255, 'learning_rate': 1.0000000000000004e-05, 'transitions_per_second': 1664.0543684586873}
################################################################################
                      [1m Learning iteration 40/200 [0m                       

                       Computation: 1690 steps/s (collection: 0.801s, learning 0.108s)
                     surrogate_loss -0.0406
                         value_loss 0.0077
                            entropy -40.2600
                         total_loss -0.3550
             Mean action noise std: 0.97
                       Mean reward: -4.25
               Mean episode length: 4.76
Mean episode Episode_Reward/termination_penalty: -0.2000
Mean episode Episode_Reward/track_lin_vel_xy_exp: 0.0017
Mean episode Episode_Reward/track_ang_vel_z_exp: 0.0006
Mean episode Episode_Reward/feet_air_time: 0.0000
Mean episode Episode_Reward/feet_slide: -0.0003
Mean episode Episode_Reward/flat_orientation_l2: -0.0000
Mean episode Episode_Reward/stand_still: -0.0018
Mean episode Episode_Reward/dof_pos_limits: -0.0000
Mean episode Episode_Reward/joint_deviation_hip: -0.0002
Mean episode Episode_Reward/joint_deviation_arms: -0.0005
Mean episode Episode_Reward/joint_deviation_torso: -0.0001
Mean episode Episode_Reward/joint_deviation_knee: -0.0000
Mean episode Episode_Reward/lin_vel_z_l2: -0.0001
Mean episode Episode_Reward/action_rate_l2: -0.0118
Mean episode Episode_Reward/dof_acc_l2: -0.0001
Mean episode Episode_Reward/dof_torques_l2: -0.0001
Mean episode Metrics/base_velocity/error_vel_xy: 0.0058
Mean episode Metrics/base_velocity/error_vel_yaw: 0.0186
Mean episode Episode_Termination/time_out: 0.0000
Mean episode Episode_Termination/base_contact: 1.0000
--------------------------------------------------------------------------------
                   Total timesteps: 7680
                    Iteration time: 0.91s
                        Total time: 37.82s
                               ETA: 147.6s

[E1 AUDIT] 50/200 updates finite; {'base_velocity_error': 0.5807173699140549, 'velocity_tracking': 0.37532419214646023, 'forward_velocity': 0.022185851975033682, 'speed_xy': 0.420010515799125, 'terminated': 0.236328125, 'truncated': 0.0, 'timeout': 0.0, 'base_contact': 0.236328125, 'mean_step_reward': -0.9965336446960767, 'mean_episode_return_last100': -4.205121698379517, 'action_standard_deviation': 0.9598531723022461, 'learning_rate': 1.0000000000000004e-05, 'transitions_per_second': 1645.4582241807443}
################################################################################
                      [1m Learning iteration 50/200 [0m                       

                       Computation: 1745 steps/s (collection: 0.768s, learning 0.112s)
                     surrogate_loss -0.0365
                         value_loss 0.0069
                            entropy -39.9432
                         total_loss -0.3491
             Mean action noise std: 0.96
                       Mean reward: -4.22
               Mean episode length: 4.15
Mean episode Episode_Reward/termination_penalty: -0.2000
Mean episode Episode_Reward/track_lin_vel_xy_exp: 0.0015
Mean episode Episode_Reward/track_ang_vel_z_exp: 0.0005
Mean episode Episode_Reward/feet_air_time: 0.0000
Mean episode Episode_Reward/feet_slide: -0.0002
Mean episode Episode_Reward/flat_orientation_l2: -0.0000
Mean episode Episode_Reward/stand_still: -0.0016
Mean episode Episode_Reward/dof_pos_limits: -0.0000
Mean episode Episode_Reward/joint_deviation_hip: -0.0001
Mean episode Episode_Reward/joint_deviation_arms: -0.0005
Mean episode Episode_Reward/joint_deviation_torso: -0.0001
Mean episode Episode_Reward/joint_deviation_knee: -0.0000
Mean episode Episode_Reward/lin_vel_z_l2: -0.0000
Mean episode Episode_Reward/action_rate_l2: -0.0102
Mean episode Episode_Reward/dof_acc_l2: -0.0001
Mean episode Episode_Reward/dof_torques_l2: -0.0000
Mean episode Metrics/base_velocity/error_vel_xy: 0.0049
Mean episode Metrics/base_velocity/error_vel_yaw: 0.0160
Mean episode Episode_Termination/time_out: 0.0000
Mean episode Episode_Termination/base_contact: 1.0000
--------------------------------------------------------------------------------
                   Total timesteps: 9216
                    Iteration time: 0.88s
                        Total time: 46.80s
                               ETA: 137.6s

[E1 AUDIT] 60/200 updates finite; {'base_velocity_error': 0.5949215590953827, 'velocity_tracking': 0.35584475348393124, 'forward_velocity': -0.0033116031360502043, 'speed_xy': 0.4208824324111144, 'terminated': 0.2591145833333333, 'truncated': 0.0, 'timeout': 0.0, 'base_contact': 0.2591145833333333, 'mean_step_reward': -1.0833987096945445, 'mean_episode_return_last100': -4.186017723083496, 'action_standard_deviation': 0.9486364126205444, 'learning_rate': 1.0000000000000004e-05, 'transitions_per_second': 1630.4009554853249}
################################################################################
                      [1m Learning iteration 60/200 [0m                       

                       Computation: 1739 steps/s (collection: 0.785s, learning 0.099s)
                     surrogate_loss -0.0369
                         value_loss 0.0052
                            entropy -39.6022
                         total_loss -0.3485
             Mean action noise std: 0.95
                       Mean reward: -4.20
               Mean episode length: 4.01
Mean episode Episode_Reward/termination_penalty: -0.2000
Mean episode Episode_Reward/track_lin_vel_xy_exp: 0.0014
Mean episode Episode_Reward/track_ang_vel_z_exp: 0.0005
Mean episode Episode_Reward/feet_air_time: 0.0000
Mean episode Episode_Reward/feet_slide: -0.0002
Mean episode Episode_Reward/flat_orientation_l2: -0.0000
Mean episode Episode_Reward/stand_still: -0.0013
Mean episode Episode_Reward/dof_pos_limits: -0.0000
Mean episode Episode_Reward/joint_deviation_hip: -0.0001
Mean episode Episode_Reward/joint_deviation_arms: -0.0004
Mean episode Episode_Reward/joint_deviation_torso: -0.0001
Mean episode Episode_Reward/joint_deviation_knee: -0.0000
Mean episode Episode_Reward/lin_vel_z_l2: -0.0000
Mean episode Episode_Reward/action_rate_l2: -0.0088
Mean episode Episode_Reward/dof_acc_l2: -0.0001
Mean episode Episode_Reward/dof_torques_l2: -0.0000
Mean episode Metrics/base_velocity/error_vel_xy: 0.0046
Mean episode Metrics/base_velocity/error_vel_yaw: 0.0142
Mean episode Episode_Termination/time_out: 0.0000
Mean episode Episode_Termination/base_contact: 1.0000
--------------------------------------------------------------------------------
                   Total timesteps: 10752
                    Iteration time: 0.88s
                        Total time: 55.82s
                               ETA: 128.1s

[E1 AUDIT] 70/200 updates finite; {'base_velocity_error': 0.6068010777235031, 'velocity_tracking': 0.34701985120773315, 'forward_velocity': 0.005352040015471478, 'speed_xy': 0.40937762210766476, 'terminated': 0.2669270833333333, 'truncated': 0.0, 'timeout': 0.0, 'base_contact': 0.2669270833333333, 'mean_step_reward': -1.1137706836064656, 'mean_episode_return_last100': -4.155558819770813, 'action_standard_deviation': 0.9365701079368591, 'learning_rate': 1.0000000000000004e-05, 'transitions_per_second': 1654.2844926035718}
################################################################################
                      [1m Learning iteration 70/200 [0m                       

                       Computation: 1688 steps/s (collection: 0.803s, learning 0.107s)
                     surrogate_loss -0.0348
                         value_loss 0.0047
                            entropy -39.2251
                         total_loss -0.3439
             Mean action noise std: 0.94
                       Mean reward: -4.18
               Mean episode length: 3.81
Mean episode Episode_Reward/termination_penalty: -0.2000
Mean episode Episode_Reward/track_lin_vel_xy_exp: 0.0014
Mean episode Episode_Reward/track_ang_vel_z_exp: 0.0005
Mean episode Episode_Reward/feet_air_time: 0.0000
Mean episode Episode_Reward/feet_slide: -0.0002
Mean episode Episode_Reward/flat_orientation_l2: -0.0000
Mean episode Episode_Reward/stand_still: -0.0013
Mean episode Episode_Reward/dof_pos_limits: -0.0000
Mean episode Episode_Reward/joint_deviation_hip: -0.0001
Mean episode Episode_Reward/joint_deviation_arms: -0.0004
Mean episode Episode_Reward/joint_deviation_torso: -0.0001
Mean episode Episode_Reward/joint_deviation_knee: -0.0000
Mean episode Episode_Reward/lin_vel_z_l2: -0.0000
Mean episode Episode_Reward/action_rate_l2: -0.0082
Mean episode Episode_Reward/dof_acc_l2: -0.0001
Mean episode Episode_Reward/dof_torques_l2: -0.0000
Mean episode Metrics/base_velocity/error_vel_xy: 0.0045
Mean episode Metrics/base_velocity/error_vel_yaw: 0.0138
Mean episode Episode_Termination/time_out: 0.0000
Mean episode Episode_Termination/base_contact: 1.0000
--------------------------------------------------------------------------------
                   Total timesteps: 12288
                    Iteration time: 0.91s
                        Total time: 64.56s
                               ETA: 118.2s

[E1 AUDIT] 80/200 updates finite; {'base_velocity_error': 0.6058079053958257, 'velocity_tracking': 0.35588405778010684, 'forward_velocity': -0.0069706141560648876, 'speed_xy': 0.4214731256167094, 'terminated': 0.2584635416666667, 'truncated': 0.0, 'timeout': 0.0, 'base_contact': 0.2584635416666667, 'mean_step_reward': -1.0791444356242816, 'mean_episode_return_last100': -4.181205644607544, 'action_standard_deviation': 0.9233224987983704, 'learning_rate': 1e-05, 'transitions_per_second': 1675.2968778211641}
################################################################################
                      [1m Learning iteration 80/200 [0m                       

                       Computation: 1733 steps/s (collection: 0.784s, learning 0.102s)
                     surrogate_loss -0.0357
                         value_loss 0.0039
                            entropy -38.8140
                         total_loss -0.3423
             Mean action noise std: 0.92
                       Mean reward: -4.17
               Mean episode length: 3.72
Mean episode Episode_Reward/termination_penalty: -0.2000
Mean episode Episode_Reward/track_lin_vel_xy_exp: 0.0014
Mean episode Episode_Reward/track_ang_vel_z_exp: 0.0005
Mean episode Episode_Reward/feet_air_time: 0.0000
Mean episode Episode_Reward/feet_slide: -0.0002
Mean episode Episode_Reward/flat_orientation_l2: -0.0000
Mean episode Episode_Reward/stand_still: -0.0016
Mean episode Episode_Reward/dof_pos_limits: -0.0000
Mean episode Episode_Reward/joint_deviation_hip: -0.0001
Mean episode Episode_Reward/joint_deviation_arms: -0.0004
Mean episode Episode_Reward/joint_deviation_torso: -0.0001
Mean episode Episode_Reward/joint_deviation_knee: -0.0000
Mean episode Episode_Reward/lin_vel_z_l2: -0.0000
Mean episode Episode_Reward/action_rate_l2: -0.0079
Mean episode Episode_Reward/dof_acc_l2: -0.0001
Mean episode Episode_Reward/dof_torques_l2: -0.0000
Mean episode Metrics/base_velocity/error_vel_xy: 0.0044
Mean episode Metrics/base_velocity/error_vel_yaw: 0.0131
Mean episode Episode_Termination/time_out: 0.0000
Mean episode Episode_Termination/base_contact: 1.0000
--------------------------------------------------------------------------------
                   Total timesteps: 13824
                    Iteration time: 0.89s
                        Total time: 73.34s
                               ETA: 108.7s

[E1 AUDIT] 90/200 updates finite; {'base_velocity_error': 0.6008867820103964, 'velocity_tracking': 0.35367130612333614, 'forward_velocity': 0.004236381015895556, 'speed_xy': 0.4140159723659356, 'terminated': 0.26953125, 'truncated': 0.0, 'timeout': 0.0, 'base_contact': 0.26953125, 'mean_step_reward': -1.12005868802468, 'mean_episode_return_last100': -4.154193105697632, 'action_standard_deviation': 0.9113133549690247, 'learning_rate': 1.0000000000000004e-05, 'transitions_per_second': 1897.8625999473707}
################################################################################
                      [1m Learning iteration 90/200 [0m                       

                       Computation: 1779 steps/s (collection: 0.751s, learning 0.112s)
                     surrogate_loss -0.0341
                         value_loss 0.0033
                            entropy -38.4343
                         total_loss -0.3383
             Mean action noise std: 0.91
                       Mean reward: -4.16
               Mean episode length: 3.66
Mean episode Episode_Reward/termination_penalty: -0.2000
Mean episode Episode_Reward/track_lin_vel_xy_exp: 0.0015
Mean episode Episode_Reward/track_ang_vel_z_exp: 0.0005
Mean episode Episode_Reward/feet_air_time: 0.0000
Mean episode Episode_Reward/feet_slide: -0.0002
Mean episode Episode_Reward/flat_orientation_l2: -0.0000
Mean episode Episode_Reward/stand_still: -0.0013
Mean episode Episode_Reward/dof_pos_limits: -0.0000
Mean episode Episode_Reward/joint_deviation_hip: -0.0001
Mean episode Episode_Reward/joint_deviation_arms: -0.0004
Mean episode Episode_Reward/joint_deviation_torso: -0.0001
Mean episode Episode_Reward/joint_deviation_knee: -0.0000
Mean episode Episode_Reward/lin_vel_z_l2: -0.0000
Mean episode Episode_Reward/action_rate_l2: -0.0078
Mean episode Episode_Reward/dof_acc_l2: -0.0001
Mean episode Episode_Reward/dof_torques_l2: -0.0000
Mean episode Metrics/base_velocity/error_vel_xy: 0.0043
Mean episode Metrics/base_velocity/error_vel_yaw: 0.0129
Mean episode Episode_Termination/time_out: 0.0000
Mean episode Episode_Termination/base_contact: 1.0000
--------------------------------------------------------------------------------
                   Total timesteps: 15360
                    Iteration time: 0.86s
                        Total time: 82.12s
                               ETA: 99.3s

[E1 AUDIT] 100/200 updates finite; {'base_velocity_error': 0.5961384822924932, 'velocity_tracking': 0.3557191702226798, 'forward_velocity': 0.04492583801038563, 'speed_xy': 0.42098764702677727, 'terminated': 0.255859375, 'truncated': 0.0, 'timeout': 0.0, 'base_contact': 0.255859375, 'mean_step_reward': -1.0650008221467335, 'mean_episode_return_last100': -4.163087973594665, 'action_standard_deviation': 0.8992350101470947, 'learning_rate': 1.0000000000000004e-05, 'transitions_per_second': 1733.1615575477456}
################################################################################
                      [1m Learning iteration 100/200 [0m                      

                       Computation: 1679 steps/s (collection: 0.814s, learning 0.100s)
                     surrogate_loss -0.0398
                         value_loss 0.0026
                            entropy -38.0474
                         total_loss -0.3416
             Mean action noise std: 0.90
                       Mean reward: -4.17
               Mean episode length: 4.04
Mean episode Episode_Reward/termination_penalty: -0.2000
Mean episode Episode_Reward/track_lin_vel_xy_exp: 0.0013
Mean episode Episode_Reward/track_ang_vel_z_exp: 0.0006
Mean episode Episode_Reward/feet_air_time: 0.0000
Mean episode Episode_Reward/feet_slide: -0.0002
Mean episode Episode_Reward/flat_orientation_l2: -0.0000
Mean episode Episode_Reward/stand_still: -0.0012
Mean episode Episode_Reward/dof_pos_limits: -0.0000
Mean episode Episode_Reward/joint_deviation_hip: -0.0001
Mean episode Episode_Reward/joint_deviation_arms: -0.0004
Mean episode Episode_Reward/joint_deviation_torso: -0.0001
Mean episode Episode_Reward/joint_deviation_knee: -0.0000
Mean episode Episode_Reward/lin_vel_z_l2: -0.0000
Mean episode Episode_Reward/action_rate_l2: -0.0078
Mean episode Episode_Reward/dof_acc_l2: -0.0001
Mean episode Episode_Reward/dof_torques_l2: -0.0000
Mean episode Metrics/base_velocity/error_vel_xy: 0.0048
Mean episode Metrics/base_velocity/error_vel_yaw: 0.0129
Mean episode Episode_Termination/time_out: 0.0000
Mean episode Episode_Termination/base_contact: 1.0000
--------------------------------------------------------------------------------
                   Total timesteps: 16896
                    Iteration time: 0.91s
                        Total time: 91.33s
                               ETA: 90.4s

[E1 AUDIT] 110/200 updates finite; {'base_velocity_error': 0.5579312667250633, 'velocity_tracking': 0.38308720539013547, 'forward_velocity': 0.01832628083260109, 'speed_xy': 0.4007113588352998, 'terminated': 0.2552083333333333, 'truncated': 0.0, 'timeout': 0.0, 'base_contact': 0.2552083333333333, 'mean_step_reward': -1.0602543229858081, 'mean_episode_return_last100': -4.151860356330872, 'action_standard_deviation': 0.8865084052085876, 'learning_rate': 1e-05, 'transitions_per_second': 1677.8719217340972}
################################################################################
                      [1m Learning iteration 110/200 [0m                      

                       Computation: 1661 steps/s (collection: 0.805s, learning 0.120s)
                     surrogate_loss -0.0373
                         value_loss 0.0027
                            entropy -37.6286
                         total_loss -0.3357
             Mean action noise std: 0.89
                       Mean reward: -4.15
               Mean episode length: 3.97
Mean episode Episode_Reward/termination_penalty: -0.2000
Mean episode Episode_Reward/track_lin_vel_xy_exp: 0.0015
Mean episode Episode_Reward/track_ang_vel_z_exp: 0.0005
Mean episode Episode_Reward/feet_air_time: 0.0000
Mean episode Episode_Reward/feet_slide: -0.0002
Mean episode Episode_Reward/flat_orientation_l2: -0.0000
Mean episode Episode_Reward/stand_still: -0.0011
Mean episode Episode_Reward/dof_pos_limits: -0.0000
Mean episode Episode_Reward/joint_deviation_hip: -0.0001
Mean episode Episode_Reward/joint_deviation_arms: -0.0004
Mean episode Episode_Reward/joint_deviation_torso: -0.0001
Mean episode Episode_Reward/joint_deviation_knee: -0.0000
Mean episode Episode_Reward/lin_vel_z_l2: -0.0000
Mean episode Episode_Reward/action_rate_l2: -0.0075
Mean episode Episode_Reward/dof_acc_l2: -0.0001
Mean episode Episode_Reward/dof_torques_l2: -0.0000
Mean episode Metrics/base_velocity/error_vel_xy: 0.0047
Mean episode Metrics/base_velocity/error_vel_yaw: 0.0140
Mean episode Episode_Termination/time_out: 0.0000
Mean episode Episode_Termination/base_contact: 1.0000
--------------------------------------------------------------------------------
                   Total timesteps: 18432
                    Iteration time: 0.92s
                        Total time: 100.51s
                               ETA: 81.5s

[E1 AUDIT] 120/200 updates finite; {'base_velocity_error': 0.5898159891366959, 'velocity_tracking': 0.3597312519947688, 'forward_velocity': 0.06312887673266232, 'speed_xy': 0.4151930833856265, 'terminated': 0.25390625, 'truncated': 0.0, 'timeout': 0.0, 'base_contact': 0.25390625, 'mean_step_reward': -1.0539813910921414, 'mean_episode_return_last100': -4.151387112140656, 'action_standard_deviation': 0.874883234500885, 'learning_rate': 1.0000000000000004e-05, 'transitions_per_second': 1843.5770639576936}
################################################################################
                      [1m Learning iteration 120/200 [0m                      

                       Computation: 1669 steps/s (collection: 0.809s, learning 0.111s)
                     surrogate_loss -0.0406
                         value_loss 0.0030
                            entropy -37.2448
                         total_loss -0.3356
             Mean action noise std: 0.87
                       Mean reward: -4.15
               Mean episode length: 3.98
Mean episode Episode_Reward/termination_penalty: -0.2000
Mean episode Episode_Reward/track_lin_vel_xy_exp: 0.0014
Mean episode Episode_Reward/track_ang_vel_z_exp: 0.0005
Mean episode Episode_Reward/feet_air_time: 0.0000
Mean episode Episode_Reward/feet_slide: -0.0002
Mean episode Episode_Reward/flat_orientation_l2: -0.0000
Mean episode Episode_Reward/stand_still: -0.0013
Mean episode Episode_Reward/dof_pos_limits: -0.0000
Mean episode Episode_Reward/joint_deviation_hip: -0.0001
Mean episode Episode_Reward/joint_deviation_arms: -0.0004
Mean episode Episode_Reward/joint_deviation_torso: -0.0001
Mean episode Episode_Reward/joint_deviation_knee: -0.0000
Mean episode Episode_Reward/lin_vel_z_l2: -0.0000
Mean episode Episode_Reward/action_rate_l2: -0.0071
Mean episode Episode_Reward/dof_acc_l2: -0.0001
Mean episode Episode_Reward/dof_torques_l2: -0.0000
Mean episode Metrics/base_velocity/error_vel_xy: 0.0047
Mean episode Metrics/base_velocity/error_vel_yaw: 0.0136
Mean episode Episode_Termination/time_out: 0.0000
Mean episode Episode_Termination/base_contact: 1.0000
--------------------------------------------------------------------------------
                   Total timesteps: 19968
                    Iteration time: 0.92s
                        Total time: 109.44s
                               ETA: 72.4s

[E1 AUDIT] 130/200 updates finite; {'base_velocity_error': 0.5533556391795477, 'velocity_tracking': 0.3945515727003415, 'forward_velocity': 0.08383830985985696, 'speed_xy': 0.4468392878770828, 'terminated': 0.24153645833333334, 'truncated': 0.0, 'timeout': 0.0, 'base_contact': 0.24153645833333334, 'mean_step_reward': -1.003076468904813, 'mean_episode_return_last100': -4.168617286682129, 'action_standard_deviation': 0.8624209761619568, 'learning_rate': 1.0000000000000004e-05, 'transitions_per_second': 1716.3354728112665}
################################################################################
                      [1m Learning iteration 130/200 [0m                      

                       Computation: 1692 steps/s (collection: 0.770s, learning 0.138s)
                     surrogate_loss -0.0401
                         value_loss 0.0025
                            entropy -36.8312
                         total_loss -0.3323
             Mean action noise std: 0.86
                       Mean reward: -4.15
               Mean episode length: 4.02
Mean episode Episode_Reward/termination_penalty: -0.2000
Mean episode Episode_Reward/track_lin_vel_xy_exp: 0.0015
Mean episode Episode_Reward/track_ang_vel_z_exp: 0.0006
Mean episode Episode_Reward/feet_air_time: 0.0000
Mean episode Episode_Reward/feet_slide: -0.0002
Mean episode Episode_Reward/flat_orientation_l2: -0.0000
Mean episode Episode_Reward/stand_still: -0.0012
Mean episode Episode_Reward/dof_pos_limits: -0.0000
Mean episode Episode_Reward/joint_deviation_hip: -0.0001
Mean episode Episode_Reward/joint_deviation_arms: -0.0004
Mean episode Episode_Reward/joint_deviation_torso: -0.0001
Mean episode Episode_Reward/joint_deviation_knee: -0.0000
Mean episode Episode_Reward/lin_vel_z_l2: -0.0000
Mean episode Episode_Reward/action_rate_l2: -0.0071
Mean episode Episode_Reward/dof_acc_l2: -0.0001
Mean episode Episode_Reward/dof_torques_l2: -0.0000
Mean episode Metrics/base_velocity/error_vel_xy: 0.0049
Mean episode Metrics/base_velocity/error_vel_yaw: 0.0139
Mean episode Episode_Termination/time_out: 0.0000
Mean episode Episode_Termination/base_contact: 1.0000
--------------------------------------------------------------------------------
                   Total timesteps: 21504
                    Iteration time: 0.91s
                        Total time: 118.59s
                               ETA: 63.4s

[E1 AUDIT] 140/200 updates finite; {'base_velocity_error': 0.5766473015149435, 'velocity_tracking': 0.36914054801066715, 'forward_velocity': 0.1183969119253258, 'speed_xy': 0.45916743328173953, 'terminated': 0.23111979166666666, 'truncated': 0.0, 'timeout': 0.0, 'base_contact': 0.23111979166666666, 'mean_step_reward': -0.9612157878776392, 'mean_episode_return_last100': -4.16828043460846, 'action_standard_deviation': 0.851155161857605, 'learning_rate': 1.5000000000000005e-05, 'transitions_per_second': 1689.5002292953707}
################################################################################
                      [1m Learning iteration 140/200 [0m                      

                       Computation: 1614 steps/s (collection: 0.836s, learning 0.115s)
                     surrogate_loss -0.0389
                         value_loss 0.0026
                            entropy -36.4489
                         total_loss -0.3278
             Mean action noise std: 0.85
                       Mean reward: -4.15
               Mean episode length: 4.47
Mean episode Episode_Reward/termination_penalty: -0.2000
Mean episode Episode_Reward/track_lin_vel_xy_exp: 0.0017
Mean episode Episode_Reward/track_ang_vel_z_exp: 0.0006
Mean episode Episode_Reward/feet_air_time: 0.0000
Mean episode Episode_Reward/feet_slide: -0.0002
Mean episode Episode_Reward/flat_orientation_l2: -0.0001
Mean episode Episode_Reward/stand_still: -0.0015
Mean episode Episode_Reward/dof_pos_limits: -0.0000
Mean episode Episode_Reward/joint_deviation_hip: -0.0002
Mean episode Episode_Reward/joint_deviation_arms: -0.0005
Mean episode Episode_Reward/joint_deviation_torso: -0.0001
Mean episode Episode_Reward/joint_deviation_knee: -0.0000
Mean episode Episode_Reward/lin_vel_z_l2: -0.0000
Mean episode Episode_Reward/action_rate_l2: -0.0073
Mean episode Episode_Reward/dof_acc_l2: -0.0001
Mean episode Episode_Reward/dof_torques_l2: -0.0000
Mean episode Metrics/base_velocity/error_vel_xy: 0.0049
Mean episode Metrics/base_velocity/error_vel_yaw: 0.0141
Mean episode Episode_Termination/time_out: 0.0000
Mean episode Episode_Termination/base_contact: 1.0000
--------------------------------------------------------------------------------
                   Total timesteps: 23040
                    Iteration time: 0.95s
                        Total time: 127.82s
                               ETA: 54.4s

[E1 AUDIT] 150/200 updates finite; {'base_velocity_error': 0.558120921254158, 'velocity_tracking': 0.3755939155817032, 'forward_velocity': 0.13634922355413437, 'speed_xy': 0.4523408313592275, 'terminated': 0.224609375, 'truncated': 0.0, 'timeout': 0.0, 'base_contact': 0.224609375, 'mean_step_reward': -0.9336661597092947, 'mean_episode_return_last100': -4.1627124452590945, 'action_standard_deviation': 0.8405992984771729, 'learning_rate': 1.5000000000000005e-05, 'transitions_per_second': 1616.7794338345004}
################################################################################
                      [1m Learning iteration 150/200 [0m                      

                       Computation: 1645 steps/s (collection: 0.821s, learning 0.113s)
                     surrogate_loss -0.0418
                         value_loss 0.0026
                            entropy -36.0756
                         total_loss -0.3278
             Mean action noise std: 0.84
                       Mean reward: -4.15
               Mean episode length: 4.47
Mean episode Episode_Reward/termination_penalty: -0.2000
Mean episode Episode_Reward/track_lin_vel_xy_exp: 0.0017
Mean episode Episode_Reward/track_ang_vel_z_exp: 0.0007
Mean episode Episode_Reward/feet_air_time: 0.0000
Mean episode Episode_Reward/feet_slide: -0.0002
Mean episode Episode_Reward/flat_orientation_l2: -0.0001
Mean episode Episode_Reward/stand_still: -0.0015
Mean episode Episode_Reward/dof_pos_limits: -0.0000
Mean episode Episode_Reward/joint_deviation_hip: -0.0002
Mean episode Episode_Reward/joint_deviation_arms: -0.0005
Mean episode Episode_Reward/joint_deviation_torso: -0.0001
Mean episode Episode_Reward/joint_deviation_knee: -0.0000
Mean episode Episode_Reward/lin_vel_z_l2: -0.0000
Mean episode Episode_Reward/action_rate_l2: -0.0075
Mean episode Episode_Reward/dof_acc_l2: -0.0001
Mean episode Episode_Reward/dof_torques_l2: -0.0000
Mean episode Metrics/base_velocity/error_vel_xy: 0.0053
Mean episode Metrics/base_velocity/error_vel_yaw: 0.0149
Mean episode Episode_Termination/time_out: 0.0000
Mean episode Episode_Termination/base_contact: 1.0000
--------------------------------------------------------------------------------
                   Total timesteps: 24576
                    Iteration time: 0.93s
                        Total time: 137.00s
                               ETA: 45.4s

[E1 AUDIT] 160/200 updates finite; {'base_velocity_error': 0.5588203618923823, 'velocity_tracking': 0.38079536830385524, 'forward_velocity': 0.10703971450372289, 'speed_xy': 0.453000037620465, 'terminated': 0.22526041666666666, 'truncated': 0.0, 'timeout': 0.0, 'base_contact': 0.22526041666666666, 'mean_step_reward': -0.9353177944819132, 'mean_episode_return_last100': -4.157805457115173, 'action_standard_deviation': 0.8297637104988098, 'learning_rate': 1.0000000000000004e-05, 'transitions_per_second': 1625.5200605102054}
################################################################################
                      [1m Learning iteration 160/200 [0m                      

                       Computation: 1754 steps/s (collection: 0.774s, learning 0.102s)
                     surrogate_loss -0.0379
                         value_loss 0.0026
                            entropy -35.7120
                         total_loss -0.3210
             Mean action noise std: 0.83
                       Mean reward: -4.16
               Mean episode length: 4.57
Mean episode Episode_Reward/termination_penalty: -0.2000
Mean episode Episode_Reward/track_lin_vel_xy_exp: 0.0018
Mean episode Episode_Reward/track_ang_vel_z_exp: 0.0007
Mean episode Episode_Reward/feet_air_time: 0.0000
Mean episode Episode_Reward/feet_slide: -0.0002
Mean episode Episode_Reward/flat_orientation_l2: -0.0001
Mean episode Episode_Reward/stand_still: -0.0012
Mean episode Episode_Reward/dof_pos_limits: -0.0000
Mean episode Episode_Reward/joint_deviation_hip: -0.0002
Mean episode Episode_Reward/joint_deviation_arms: -0.0005
Mean episode Episode_Reward/joint_deviation_torso: -0.0001
Mean episode Episode_Reward/joint_deviation_knee: -0.0000
Mean episode Episode_Reward/lin_vel_z_l2: -0.0000
Mean episode Episode_Reward/action_rate_l2: -0.0077
Mean episode Episode_Reward/dof_acc_l2: -0.0001
Mean episode Episode_Reward/dof_torques_l2: -0.0000
Mean episode Metrics/base_velocity/error_vel_xy: 0.0053
Mean episode Metrics/base_velocity/error_vel_yaw: 0.0155
Mean episode Episode_Termination/time_out: 0.0000
Mean episode Episode_Termination/base_contact: 1.0000
--------------------------------------------------------------------------------
                   Total timesteps: 26112
                    Iteration time: 0.88s
                        Total time: 145.91s
                               ETA: 36.3s

[E1 AUDIT] 170/200 updates finite; {'base_velocity_error': 0.5340520006914934, 'velocity_tracking': 0.39897632971405983, 'forward_velocity': 0.10130074961731832, 'speed_xy': 0.4556152671575546, 'terminated': 0.20963541666666666, 'truncated': 0.0, 'timeout': 0.0, 'base_contact': 0.20963541666666666, 'mean_step_reward': -0.8710397457083067, 'mean_episode_return_last100': -4.152040691375732, 'action_standard_deviation': 0.8184185028076172, 'learning_rate': 1.0000000000000004e-05, 'transitions_per_second': 1715.8514574793576}
################################################################################
                      [1m Learning iteration 170/200 [0m                      

                       Computation: 1594 steps/s (collection: 0.842s, learning 0.121s)
                     surrogate_loss -0.0383
                         value_loss 0.0022
                            entropy -35.3118
                         total_loss -0.3187
             Mean action noise std: 0.82
                       Mean reward: -4.15
               Mean episode length: 4.76
Mean episode Episode_Reward/termination_penalty: -0.2000
Mean episode Episode_Reward/track_lin_vel_xy_exp: 0.0019
Mean episode Episode_Reward/track_ang_vel_z_exp: 0.0008
Mean episode Episode_Reward/feet_air_time: 0.0000
Mean episode Episode_Reward/feet_slide: -0.0002
Mean episode Episode_Reward/flat_orientation_l2: -0.0001
Mean episode Episode_Reward/stand_still: -0.0016
Mean episode Episode_Reward/dof_pos_limits: -0.0000
Mean episode Episode_Reward/joint_deviation_hip: -0.0002
Mean episode Episode_Reward/joint_deviation_arms: -0.0006
Mean episode Episode_Reward/joint_deviation_torso: -0.0001
Mean episode Episode_Reward/joint_deviation_knee: -0.0000
Mean episode Episode_Reward/lin_vel_z_l2: -0.0001
Mean episode Episode_Reward/action_rate_l2: -0.0078
Mean episode Episode_Reward/dof_acc_l2: -0.0001
Mean episode Episode_Reward/dof_torques_l2: -0.0000
Mean episode Metrics/base_velocity/error_vel_xy: 0.0056
Mean episode Metrics/base_velocity/error_vel_yaw: 0.0156
Mean episode Episode_Termination/time_out: 0.0000
Mean episode Episode_Termination/base_contact: 1.0000
--------------------------------------------------------------------------------
                   Total timesteps: 27648
                    Iteration time: 0.96s
                        Total time: 155.21s
                               ETA: 27.2s

[E1 AUDIT] 180/200 updates finite; {'base_velocity_error': 0.5422537898023924, 'velocity_tracking': 0.3929787737627824, 'forward_velocity': 0.14795267519851527, 'speed_xy': 0.45422204211354256, 'terminated': 0.18489583333333334, 'truncated': 0.0, 'timeout': 0.0, 'base_contact': 0.18489583333333334, 'mean_step_reward': -0.7716874405741692, 'mean_episode_return_last100': -4.1734044647216795, 'action_standard_deviation': 0.8092721700668335, 'learning_rate': 1.0000000000000004e-05, 'transitions_per_second': 1655.6113756681264}
################################################################################
                      [1m Learning iteration 180/200 [0m                      

                       Computation: 1667 steps/s (collection: 0.796s, learning 0.126s)
                     surrogate_loss -0.0460
                         value_loss 0.0022
                            entropy -34.9846
                         total_loss -0.3236
             Mean action noise std: 0.81
                       Mean reward: -4.15
               Mean episode length: 5.19
Mean episode Episode_Reward/termination_penalty: -0.2000
Mean episode Episode_Reward/track_lin_vel_xy_exp: 0.0020
Mean episode Episode_Reward/track_ang_vel_z_exp: 0.0008
Mean episode Episode_Reward/feet_air_time: 0.0000
Mean episode Episode_Reward/feet_slide: -0.0003
Mean episode Episode_Reward/flat_orientation_l2: -0.0001
Mean episode Episode_Reward/stand_still: -0.0014
Mean episode Episode_Reward/dof_pos_limits: -0.0000
Mean episode Episode_Reward/joint_deviation_hip: -0.0002
Mean episode Episode_Reward/joint_deviation_arms: -0.0006
Mean episode Episode_Reward/joint_deviation_torso: -0.0001
Mean episode Episode_Reward/joint_deviation_knee: -0.0000
Mean episode Episode_Reward/lin_vel_z_l2: -0.0001
Mean episode Episode_Reward/action_rate_l2: -0.0079
Mean episode Episode_Reward/dof_acc_l2: -0.0001
Mean episode Episode_Reward/dof_torques_l2: -0.0000
Mean episode Metrics/base_velocity/error_vel_xy: 0.0059
Mean episode Metrics/base_velocity/error_vel_yaw: 0.0168
Mean episode Episode_Termination/time_out: 0.0000
Mean episode Episode_Termination/base_contact: 1.0000
--------------------------------------------------------------------------------
                   Total timesteps: 29184
                    Iteration time: 0.92s
                        Total time: 164.43s
                               ETA: 18.2s

[E1 AUDIT] 190/200 updates finite; {'base_velocity_error': 0.5944883525371552, 'velocity_tracking': 0.35355114564299583, 'forward_velocity': 0.11354078849156697, 'speed_xy': 0.4605822799106439, 'terminated': 0.17838541666666666, 'truncated': 0.0, 'timeout': 0.0, 'base_contact': 0.17838541666666666, 'mean_step_reward': -0.7457000898818175, 'mean_episode_return_last100': -4.174304809570312, 'action_standard_deviation': 0.8005234003067017, 'learning_rate': 1.0000000000000004e-05, 'transitions_per_second': 1620.6533958898199}
################################################################################
                      [1m Learning iteration 190/200 [0m                      

                       Computation: 1650 steps/s (collection: 0.804s, learning 0.126s)
                     surrogate_loss -0.0399
                         value_loss 0.0021
                            entropy -34.6672
                         total_loss -0.3152
             Mean action noise std: 0.80
                       Mean reward: -4.17
               Mean episode length: 5.57
Mean episode Episode_Reward/termination_penalty: -0.2000
Mean episode Episode_Reward/track_lin_vel_xy_exp: 0.0021
Mean episode Episode_Reward/track_ang_vel_z_exp: 0.0010
Mean episode Episode_Reward/feet_air_time: 0.0001
Mean episode Episode_Reward/feet_slide: -0.0003
Mean episode Episode_Reward/flat_orientation_l2: -0.0003
Mean episode Episode_Reward/stand_still: -0.0012
Mean episode Episode_Reward/dof_pos_limits: -0.0000
Mean episode Episode_Reward/joint_deviation_hip: -0.0002
Mean episode Episode_Reward/joint_deviation_arms: -0.0007
Mean episode Episode_Reward/joint_deviation_torso: -0.0002
Mean episode Episode_Reward/joint_deviation_knee: -0.0001
Mean episode Episode_Reward/lin_vel_z_l2: -0.0001
Mean episode Episode_Reward/action_rate_l2: -0.0092
Mean episode Episode_Reward/dof_acc_l2: -0.0001
Mean episode Episode_Reward/dof_torques_l2: -0.0001
Mean episode Metrics/base_velocity/error_vel_xy: 0.0073
Mean episode Metrics/base_velocity/error_vel_yaw: 0.0191
Mean episode Episode_Termination/time_out: 0.0000
Mean episode Episode_Termination/base_contact: 1.0000
--------------------------------------------------------------------------------
                   Total timesteps: 30720
                    Iteration time: 0.93s
                        Total time: 173.58s
                               ETA: 9.1s

[E1 AUDIT] 200/200 updates finite; {'base_velocity_error': 0.5381011205414931, 'velocity_tracking': 0.39786545808116597, 'forward_velocity': 0.0956027867893378, 'speed_xy': 0.4315359878043334, 'terminated': 0.19010416666666666, 'truncated': 0.0, 'timeout': 0.0, 'base_contact': 0.19010416666666666, 'mean_step_reward': -0.7910564616322517, 'mean_episode_return_last100': -4.173833928108215, 'action_standard_deviation': 0.7925195097923279, 'learning_rate': 1.0000000000000004e-05, 'transitions_per_second': 1705.4819289497684}
